Archive member included to satisfy reference by file (symbol)

c:/st/stm32cubeide_1.6.1/stm32cubeide/plugins/com.st.stm32cube.ide.mcu.externaltools.gnu-tools-for-stm32.9-2020-q2-update.win32_2.0.0.202105311346/tools/bin/../lib/gcc/arm-none-eabi/9.3.1/../../../../arm-none-eabi/lib/thumb/v7e-m+fp/hard\libc_nano.a(lib_a-errno.o)
                              ./Core/Src/syscalls.o (__errno)
c:/st/stm32cubeide_1.6.1/stm32cubeide/plugins/com.st.stm32cube.ide.mcu.externaltools.gnu-tools-for-stm32.9-2020-q2-update.win32_2.0.0.202105311346/tools/bin/../lib/gcc/arm-none-eabi/9.3.1/../../../../arm-none-eabi/lib/thumb/v7e-m+fp/hard\libc_nano.a(lib_a-exit.o)
                              c:/st/stm32cubeide_1.6.1/stm32cubeide/plugins/com.st.stm32cube.ide.mcu.externaltools.gnu-tools-for-stm32.9-2020-q2-update.win32_2.0.0.202105311346/tools/bin/../lib/gcc/arm-none-eabi/9.3.1/../../../../arm-none-eabi/lib/thumb/v7e-m+fp/hard/crt0.o (exit)
c:/st/stm32cubeide_1.6.1/stm32cubeide/plugins/com.st.stm32cube.ide.mcu.externaltools.gnu-tools-for-stm32.9-2020-q2-update.win32_2.0.0.202105311346/tools/bin/../lib/gcc/arm-none-eabi/9.3.1/../../../../arm-none-eabi/lib/thumb/v7e-m+fp/hard\libc_nano.a(lib_a-impure.o)
                              c:/st/stm32cubeide_1.6.1/stm32cubeide/plugins/com.st.stm32cube.ide.mcu.externaltools.gnu-tools-for-stm32.9-2020-q2-update.win32_2.0.0.202105311346/tools/bin/../lib/gcc/arm-none-eabi/9.3.1/../../../../arm-none-eabi/lib/thumb/v7e-m+fp/hard\libc_nano.a(lib_a-exit.o) (_global_impure_ptr)
c:/st/stm32cubeide_1.6.1/stm32cubeide/plugins/com.st.stm32cube.ide.mcu.externaltools.gnu-tools-for-stm32.9-2020-q2-update.win32_2.0.0.202105311346/tools/bin/../lib/gcc/arm-none-eabi/9.3.1/../../../../arm-none-eabi/lib/thumb/v7e-m+fp/hard\libc_nano.a(lib_a-init.o)
                              c:/st/stm32cubeide_1.6.1/stm32cubeide/plugins/com.st.stm32cube.ide.mcu.externaltools.gnu-tools-for-stm32.9-2020-q2-update.win32_2.0.0.202105311346/tools/bin/../lib/gcc/arm-none-eabi/9.3.1/../../../../arm-none-eabi/lib/thumb/v7e-m+fp/hard/crt0.o (__libc_init_array)
c:/st/stm32cubeide_1.6.1/stm32cubeide/plugins/com.st.stm32cube.ide.mcu.externaltools.gnu-tools-for-stm32.9-2020-q2-update.win32_2.0.0.202105311346/tools/bin/../lib/gcc/arm-none-eabi/9.3.1/../../../../arm-none-eabi/lib/thumb/v7e-m+fp/hard\libc_nano.a(lib_a-malloc.o)
                              ./Core/Src/File_Handling.o (malloc)
c:/st/stm32cubeide_1.6.1/stm32cubeide/plugins/com.st.stm32cube.ide.mcu.externaltools.gnu-tools-for-stm32.9-2020-q2-update.win32_2.0.0.202105311346/tools/bin/../lib/gcc/arm-none-eabi/9.3.1/../../../../arm-none-eabi/lib/thumb/v7e-m+fp/hard\libc_nano.a(lib_a-memcpy-stub.o)
                              ./Core/Src/main.o (memcpy)
c:/st/stm32cubeide_1.6.1/stm32cubeide/plugins/com.st.stm32cube.ide.mcu.externaltools.gnu-tools-for-stm32.9-2020-q2-update.win32_2.0.0.202105311346/tools/bin/../lib/gcc/arm-none-eabi/9.3.1/../../../../arm-none-eabi/lib/thumb/v7e-m+fp/hard\libc_nano.a(lib_a-memset.o)
                              c:/st/stm32cubeide_1.6.1/stm32cubeide/plugins/com.st.stm32cube.ide.mcu.externaltools.gnu-tools-for-stm32.9-2020-q2-update.win32_2.0.0.202105311346/tools/bin/../lib/gcc/arm-none-eabi/9.3.1/../../../../arm-none-eabi/lib/thumb/v7e-m+fp/hard/crt0.o (memset)
c:/st/stm32cubeide_1.6.1/stm32cubeide/plugins/com.st.stm32cube.ide.mcu.externaltools.gnu-tools-for-stm32.9-2020-q2-update.win32_2.0.0.202105311346/tools/bin/../lib/gcc/arm-none-eabi/9.3.1/../../../../arm-none-eabi/lib/thumb/v7e-m+fp/hard\libc_nano.a(lib_a-nano-freer.o)
                              c:/st/stm32cubeide_1.6.1/stm32cubeide/plugins/com.st.stm32cube.ide.mcu.externaltools.gnu-tools-for-stm32.9-2020-q2-update.win32_2.0.0.202105311346/tools/bin/../lib/gcc/arm-none-eabi/9.3.1/../../../../arm-none-eabi/lib/thumb/v7e-m+fp/hard\libc_nano.a(lib_a-malloc.o) (_free_r)
c:/st/stm32cubeide_1.6.1/stm32cubeide/plugins/com.st.stm32cube.ide.mcu.externaltools.gnu-tools-for-stm32.9-2020-q2-update.win32_2.0.0.202105311346/tools/bin/../lib/gcc/arm-none-eabi/9.3.1/../../../../arm-none-eabi/lib/thumb/v7e-m+fp/hard\libc_nano.a(lib_a-nano-mallocr.o)
                              c:/st/stm32cubeide_1.6.1/stm32cubeide/plugins/com.st.stm32cube.ide.mcu.externaltools.gnu-tools-for-stm32.9-2020-q2-update.win32_2.0.0.202105311346/tools/bin/../lib/gcc/arm-none-eabi/9.3.1/../../../../arm-none-eabi/lib/thumb/v7e-m+fp/hard\libc_nano.a(lib_a-malloc.o) (_malloc_r)
c:/st/stm32cubeide_1.6.1/stm32cubeide/plugins/com.st.stm32cube.ide.mcu.externaltools.gnu-tools-for-stm32.9-2020-q2-update.win32_2.0.0.202105311346/tools/bin/../lib/gcc/arm-none-eabi/9.3.1/../../../../arm-none-eabi/lib/thumb/v7e-m+fp/hard\libc_nano.a(lib_a-realloc.o)
                              ./Core/Src/main.o (realloc)
[...]
Memory Configuration

Name             Origin             Length             Attributes
CCMRAM           0x0000000010000000 0x0000000000010000 xrw
RAM              0x0000000020000000 0x0000000000030000 xrw
FLASH            0x0000000008000000 0x0000000000200000 xr
*default*        0x0000000000000000 0xffffffffffffffff

Linker script and memory map

LOAD c:/st/stm32cubeide_1.6.1/stm32cubeide/plugins/com.st.stm32cube.ide.mcu.externaltools.gnu-tools-for-stm32.9-2020-q2-update.win32_2.0.0.202105311346/tools/bin/../lib/gcc/arm-none-eabi/9.3.1/thumb/v7e-m+fp/hard/crti.o
LOAD c:/st/stm32cubeide_1.6.1/stm32cubeide/plugins/com.st.stm32cube.ide.mcu.externaltools.gnu-tools-for-stm32.9-2020-q2-update.win32_2.0.0.202105311346/tools/bin/../lib/gcc/arm-none-eabi/9.3.1/thumb/v7e-m+fp/hard/crtbegin.o
LOAD c:/st/stm32cubeide_1.6.1/stm32cubeide/plugins/com.st.stm32cube.ide.mcu.externaltools.gnu-tools-for-stm32.9-2020-q2-update.win32_2.0.0.202105311346/tools/bin/../lib/gcc/arm-none-eabi/9.3.1/../../../../arm-none-eabi/lib/thumb/v7e-m+fp/hard/crt0.o
LOAD ./Core/Src/File_Handling.o
LOAD ./Core/Src/fonts.o
LOAD ./Core/Src/main.o
LOAD ./Core/Src/ssd1306.o
LOAD ./Core/Src/stm32f4xx_hal_msp.o
LOAD ./Core/Src/stm32f4xx_hal_timebase_tim.o
LOAD ./Core/Src/stm32f4xx_it.o
LOAD ./Core/Src/syscalls.o
LOAD ./Core/Src/sysmem.o
LOAD ./Core/Src/system_stm32f4xx.o
LOAD ./Core/Startup/startup_stm32f429zitx.o
LOAD ./Drivers/STM32F4xx_HAL_Driver/Src/stm32f4xx_hal.o
LOAD ./Drivers/STM32F4xx_HAL_Driver/Src/stm32f4xx_hal_cortex.o
LOAD ./Drivers/STM32F4xx_HAL_Driver/Src/stm32f4xx_hal_dma.o
LOAD ./Drivers/STM32F4xx_HAL_Driver/Src/stm32f4xx_hal_dma_ex.o
LOAD ./Drivers/STM32F4xx_HAL_Driver/Src/stm32f4xx_hal_exti.o
LOAD ./Drivers/STM32F4xx_HAL_Driver/Src/stm32f4xx_hal_flash.o
LOAD ./Drivers/STM32F4xx_HAL_Driver/Src/stm32f4xx_hal_flash_ex.o
LOAD ./Drivers/STM32F4xx_HAL_Driver/Src/stm32f4xx_hal_flash_ramfunc.o
LOAD ./Drivers/STM32F4xx_HAL_Driver/Src/stm32f4xx_hal_gpio.o
LOAD ./Drivers/STM32F4xx_HAL_Driver/Src/stm32f4xx_hal_hcd.o
LOAD ./Drivers/STM32F4xx_HAL_Driver/Src/stm32f4xx_hal_i2c.o
LOAD ./Drivers/STM32F4xx_HAL_Driver/Src/stm32f4xx_hal_i2c_ex.o
LOAD ./Drivers/STM32F4xx_HAL_Driver/Src/stm32f4xx_hal_i2s.o
LOAD ./Drivers/STM32F4xx_HAL_Driver/Src/stm32f4xx_hal_i2s_ex.o
LOAD ./Drivers/STM32F4xx_HAL_Driver/Src/stm32f4xx_hal_pwr.o
LOAD ./Drivers/STM32F4xx_HAL_Driver/Src/stm32f4xx_hal_pwr_ex.o
LOAD ./Drivers/STM32F4xx_HAL_Driver/Src/stm32f4xx_hal_rcc.o
LOAD ./Drivers/STM32F4xx_HAL_Driver/Src/stm32f4xx_hal_rcc_ex.o
LOAD ./Drivers/STM32F4xx_HAL_Driver/Src/stm32f4xx_hal_tim.o
LOAD ./Drivers/STM32F4xx_HAL_Driver/Src/stm32f4xx_hal_tim_ex.o
LOAD ./Drivers/STM32F4xx_HAL_Driver/Src/stm32f4xx_hal_uart.o
LOAD ./Drivers/STM32F4xx_HAL_Driver/Src/stm32f4xx_ll_usb.o
LOAD ./FATFS/App/fatfs.o
LOAD ./FATFS/Target/usbh_diskio.o
LOAD ./Middlewares/ST/STM32_USB_Host_Library/Class/MSC/Src/usbh_msc.o
LOAD ./Middlewares/ST/STM32_USB_Host_Library/Class/MSC/Src/usbh_msc_bot.o
LOAD ./Middlewares/ST/STM32_USB_Host_Library/Class/MSC/Src/usbh_msc_scsi.o
LOAD ./Middlewares/ST/STM32_USB_Host_Library/Core/Src/usbh_core.o
LOAD ./Middlewares/ST/STM32_USB_Host_Library/Core/Src/usbh_ctlreq.o
LOAD ./Middlewares/ST/STM32_USB_Host_Library/Core/Src/usbh_ioreq.o
LOAD ./Middlewares/ST/STM32_USB_Host_Library/Core/Src/usbh_pipes.o
LOAD ./Middlewares/Third_Party/FatFs/src/diskio.o
LOAD ./Middlewares/Third_Party/FatFs/src/ff.o
LOAD ./Middlewares/Third_Party/FatFs/src/ff_gen_drv.o
LOAD ./Middlewares/Third_Party/FatFs/src/option/ccsbcs.o
LOAD ./Middlewares/Third_Party/FatFs/src/option/syscall.o
LOAD ./USB_HOST/App/usb_host.o
LOAD ./USB_HOST/Target/usbh_conf.o
LOAD ./USB_HOST/Target/usbh_platform.o
START GROUP
LOAD c:/st/stm32cubeide_1.6.1/stm32cubeide/plugins/com.st.stm32cube.ide.mcu.externaltools.gnu-tools-for-stm32.9-2020-q2-update.win32_2.0.0.202105311346/tools/bin/../lib/gcc/arm-none-eabi/9.3.1/../../../../arm-none-eabi/lib/thumb/v7e-m+fp/hard\libc_nano.a
LOAD c:/st/stm32cubeide_1.6.1/stm32cubeide/plugins/com.st.stm32cube.ide.mcu.externaltools.gnu-tools-for-stm32.9-2020-q2-update.win32_2.0.0.202105311346/tools/bin/../lib/gcc/arm-none-eabi/9.3.1/../../../../arm-none-eabi/lib/thumb/v7e-m+fp/hard\libm.a
END GROUP
START GROUP
LOAD c:/st/stm32cubeide_1.6.1/stm32cubeide/plugins/com.st.stm32cube.ide.mcu.externaltools.gnu-tools-for-stm32.9-2020-q2-update.win32_2.0.0.202105311346/tools/bin/../lib/gcc/arm-none-eabi/9.3.1/thumb/v7e-m+fp/hard\libgcc.a
LOAD c:/st/stm32cubeide_1.6.1/stm32cubeide/plugins/com.st.stm32cube.ide.mcu.externaltools.gnu-tools-for-stm32.9-2020-q2-update.win32_2.0.0.202105311346/tools/bin/../lib/gcc/arm-none-eabi/9.3.1/../../../../arm-none-eabi/lib/thumb/v7e-m+fp/hard\libc_nano.a
END GROUP
START GROUP
LOAD c:/st/stm32cubeide_1.6.1/stm32cubeide/plugins/com.st.stm32cube.ide.mcu.externaltools.gnu-tools-for-stm32.9-2020-q2-update.win32_2.0.0.202105311346/tools/bin/../lib/gcc/arm-none-eabi/9.3.1/thumb/v7e-m+fp/hard\libgcc.a
LOAD c:/st/stm32cubeide_1.6.1/stm32cubeide/plugins/com.st.stm32cube.ide.mcu.externaltools.gnu-tools-for-stm32.9-2020-q2-update.win32_2.0.0.202105311346/tools/bin/../lib/gcc/arm-none-eabi/9.3.1/../../../../arm-none-eabi/lib/thumb/v7e-m+fp/hard\libc_nano.a
LOAD c:/st/stm32cubeide_1.6.1/stm32cubeide/plugins/com.st.stm32cube.ide.mcu.externaltools.gnu-tools-for-stm32.9-2020-q2-update.win32_2.0.0.202105311346/tools/bin/../lib/gcc/arm-none-eabi/9.3.1/../../../../arm-none-eabi/lib/thumb/v7e-m+fp/hard\libnosys.a
END GROUP
START GROUP
LOAD c:/st/stm32cubeide_1.6.1/stm32cubeide/plugins/com.st.stm32cube.ide.mcu.externaltools.gnu-tools-for-stm32.9-2020-q2-update.win32_2.0.0.202105311346/tools/bin/../lib/gcc/arm-none-eabi/9.3.1/thumb/v7e-m+fp/hard\libgcc.a
LOAD c:/st/stm32cubeide_1.6.1/stm32cubeide/plugins/com.st.stm32cube.ide.mcu.externaltools.gnu-tools-for-stm32.9-2020-q2-update.win32_2.0.0.202105311346/tools/bin/../lib/gcc/arm-none-eabi/9.3.1/../../../../arm-none-eabi/lib/thumb/v7e-m+fp/hard\libc_nano.a
LOAD c:/st/stm32cubeide_1.6.1/stm32cubeide/plugins/com.st.stm32cube.ide.mcu.externaltools.gnu-tools-for-stm32.9-2020-q2-update.win32_2.0.0.202105311346/tools/bin/../lib/gcc/arm-none-eabi/9.3.1/../../../../arm-none-eabi/lib/thumb/v7e-m+fp/hard\libnosys.a
END GROUP
LOAD c:/st/stm32cubeide_1.6.1/stm32cubeide/plugins/com.st.stm32cube.ide.mcu.externaltools.gnu-tools-for-stm32.9-2020-q2-update.win32_2.0.0.202105311346/tools/bin/../lib/gcc/arm-none-eabi/9.3.1/thumb/v7e-m+fp/hard/crtend.o
LOAD c:/st/stm32cubeide_1.6.1/stm32cubeide/plugins/com.st.stm32cube.ide.mcu.externaltools.gnu-tools-for-stm32.9-2020-q2-update.win32_2.0.0.202105311346/tools/bin/../lib/gcc/arm-none-eabi/9.3.1/thumb/v7e-m+fp/hard/crtn.o
                0x0000000020030000                _estack = (ORIGIN (RAM) + LENGTH (RAM))
                0x0000000000002000                _Min_Heap_Size = 0x2000
                0x0000000000004000                _Min_Stack_Size = 0x4000

.isr_vector     0x0000000008000000      0x1ac
                0x0000000008000000                . = ALIGN (0x4)
 *(.isr_vector)
 .isr_vector    0x0000000008000000      0x1ac ./Core/Startup/startup_stm32f429zitx.o
                0x0000000008000000                g_pfnVectors
                0x00000000080001ac                . = ALIGN (0x4)

.text           0x00000000080001ac    0x10ce0
                0x00000000080001ac                . = ALIGN (0x4)
 *(.text)
 .text          0x00000000080001ac       0x40 c:/st/stm32cubeide_1.6.1/stm32cubeide/plugins/com.st.stm32cube.ide.mcu.externaltools.gnu-tools-for-stm32.9-2020-q2-update.win32_2.0.0.202105311346/tools/bin/../lib/gcc/arm-none-eabi/9.3.1/thumb/v7e-m+fp/hard/crtbegin.o
 .text          0x00000000080001ec       0x10 c:/st/stm32cubeide_1.6.1/stm32cubeide/plugins/com.st.stm32cube.ide.mcu.externaltools.gnu-tools-for-stm32.9-2020-q2-update.win32_2.0.0.202105311346/tools/bin/../lib/gcc/arm-none-eabi/9.3.1/../../../../arm-none-eabi/lib/thumb/v7e-m+fp/hard\libc_nano.a(lib_a-strlen.o)
                0x00000000080001ec                strlen
 .text          0x00000000080001fc       0x30 c:/st/stm32cubeide_1.6.1/stm32cubeide/plugins/com.st.stm32cube.ide.mcu.externaltools.gnu-tools-for-stm32.9-2020-q2-update.win32_2.0.0.202105311346/tools/bin/../lib/gcc/arm-none-eabi/9.3.1/thumb/v7e-m+fp/hard\libgcc.a(_aeabi_uldivmod.o)
                0x00000000080001fc                __aeabi_uldivmod
 .text          0x000000000800022c      0x2c4 c:/st/stm32cubeide_1.6.1/stm32cubeide/plugins/com.st.stm32cube.ide.mcu.externaltools.gnu-tools-for-stm32.9-2020-q2-update.win32_2.0.0.202105311346/tools/bin/../lib/gcc/arm-none-eabi/9.3.1/thumb/v7e-m+fp/hard\libgcc.a(_udivmoddi4.o)
                0x000000000800022c                __udivmoddi4
 .text          0x00000000080004f0        0x4 c:/st/stm32cubeide_1.6.1/stm32cubeide/plugins/com.st.stm32cube.ide.mcu.externaltools.gnu-tools-for-stm32.9-2020-q2-update.win32_2.0.0.202105311346/tools/bin/../lib/gcc/arm-none-eabi/9.3.1/thumb/v7e-m+fp/hard\libgcc.a(_dvmd_tls.o)
                0x00000000080004f0                __aeabi_idiv0
                0x00000000080004f0                __aeabi_ldiv0
 *(.text*)
 .text.Send_Uart
                0x00000000080004f4       0x2c ./Core/Src/File_Handling.o
                0x00000000080004f4                Send_Uart
 .text.Mount_USB
                0x0000000008000520       0x44 ./Core/Src/File_Handling.o
                0x0000000008000520                Mount_USB
 .text.main     0x0000000008000564      0x20c ./Core/Src/main.o
                0x0000000008000564                main
 .text.SystemClock_Config
                0x0000000008000770       0xd4 ./Core/Src/main.o
                0x0000000008000770                SystemClock_Config
 .text.MX_I2C1_Init
                0x0000000008000844       0x80 ./Core/Src/main.o
 .text.MX_I2S2_Init
                0x00000000080008c4       0x60 ./Core/Src/main.o
 .text.MX_USART1_UART_Init
                0x0000000008000924       0x54 ./Core/Src/main.o
 .text.MX_DMA_Init
                0x0000000008000978       0x40 ./Core/Src/main.o
 .text.MX_GPIO_Init
                0x00000000080009b8      0x180 ./Core/Src/main.o
 .text.HAL_I2S_TxCpltCallback
                0x0000000008000b38       0x20 ./Core/Src/main.o
                0x0000000008000b38                HAL_I2S_TxCpltCallback
 .text.ReadDIRWavFiles
                0x0000000008000b58      0x280 ./Core/Src/main.o
                0x0000000008000b58                ReadDIRWavFiles
 .text.HAL_GPIO_EXTI_Callback
                0x0000000008000dd8       0xb8 ./Core/Src/main.o
                0x0000000008000dd8                HAL_GPIO_EXTI_Callback
 .text.StartRunningWavFile
                0x0000000008000e90       0xe0 ./Core/Src/main.o
                0x0000000008000e90                StartRunningWavFile
 .text.HAL_TIM_PeriodElapsedCallback
                0x0000000008000f70       0x24 ./Core/Src/main.o
                0x0000000008000f70                HAL_TIM_PeriodElapsedCallback
 .text.Error_Handler
                0x0000000008000f94        0xa ./Core/Src/main.o
                0x0000000008000f94                Error_Handler
 .text.SSD1306_ScrollRight
                0x0000000008000f9e       0x6c ./Core/Src/ssd1306.o
                0x0000000008000f9e                SSD1306_ScrollRight
 .text.SSD1306_Stopscroll
                0x000000000800100a       0x12 ./Core/Src/ssd1306.o
                0x000000000800100a                SSD1306_Stopscroll
 .text.SSD1306_Init
                0x000000000800101c      0x188 ./Core/Src/ssd1306.o
                0x000000000800101c                SSD1306_Init
 .text.SSD1306_UpdateScreen
                0x00000000080011a4       0x5c ./Core/Src/ssd1306.o
                0x00000000080011a4                SSD1306_UpdateScreen
 .text.SSD1306_Fill
                0x0000000008001200       0x30 ./Core/Src/ssd1306.o
                0x0000000008001200                SSD1306_Fill
 .text.SSD1306_DrawPixel
                0x0000000008001230       0xc0 ./Core/Src/ssd1306.o
                0x0000000008001230                SSD1306_DrawPixel
 .text.SSD1306_GotoXY
                0x00000000080012f0       0x2c ./Core/Src/ssd1306.o
                0x00000000080012f0                SSD1306_GotoXY
 .text.SSD1306_Putc
                0x000000000800131c      0x100 ./Core/Src/ssd1306.o
                0x000000000800131c                SSD1306_Putc
 .text.SSD1306_Puts
                0x000000000800141c       0x4a ./Core/Src/ssd1306.o
                0x000000000800141c                SSD1306_Puts
 .text.SSD1306_Clear
                0x0000000008001466       0x12 ./Core/Src/ssd1306.o
                0x0000000008001466                SSD1306_Clear
 .text.ssd1306_I2C_Init
                0x0000000008001478       0x2c ./Core/Src/ssd1306.o
                0x0000000008001478                ssd1306_I2C_Init
 .text.ssd1306_I2C_WriteMulti
                0x00000000080014a4       0x90 ./Core/Src/ssd1306.o
                0x00000000080014a4                ssd1306_I2C_WriteMulti
 .text.ssd1306_I2C_Write
                0x0000000008001534       0x3c ./Core/Src/ssd1306.o
                0x0000000008001534                ssd1306_I2C_Write
 .text.HAL_MspInit
                0x0000000008001570       0x50 ./Core/Src/stm32f4xx_hal_msp.o
                0x0000000008001570                HAL_MspInit
 .text.HAL_I2C_MspInit
                0x00000000080015c0       0x90 ./Core/Src/stm32f4xx_hal_msp.o
                0x00000000080015c0                HAL_I2C_MspInit
 .text.HAL_I2S_MspInit
                0x0000000008001650      0x18c ./Core/Src/stm32f4xx_hal_msp.o
                0x0000000008001650                HAL_I2S_MspInit
 .text.HAL_UART_MspInit
                0x00000000080017dc       0x90 ./Core/Src/stm32f4xx_hal_msp.o
                0x00000000080017dc                HAL_UART_MspInit
 .text.HAL_InitTick
                0x000000000800186c       0xb4 ./Core/Src/stm32f4xx_hal_timebase_tim.o
                0x000000000800186c                HAL_InitTick
 .text.NMI_Handler
                0x0000000008001920        0x6 ./Core/Src/stm32f4xx_it.o
                0x0000000008001920                NMI_Handler
 .text.HardFault_Handler
                0x0000000008001926        0x6 ./Core/Src/stm32f4xx_it.o
                0x0000000008001926                HardFault_Handler
 .text.MemManage_Handler
                0x000000000800192c        0x6 ./Core/Src/stm32f4xx_it.o
                0x000000000800192c                MemManage_Handler
 .text.BusFault_Handler
                0x0000000008001932        0x6 ./Core/Src/stm32f4xx_it.o
                0x0000000008001932                BusFault_Handler
 .text.UsageFault_Handler
                0x0000000008001938        0x6 ./Core/Src/stm32f4xx_it.o
                0x0000000008001938                UsageFault_Handler
 .text.SVC_Handler
                0x000000000800193e        0xe ./Core/Src/stm32f4xx_it.o
                0x000000000800193e                SVC_Handler
 .text.DebugMon_Handler
                0x000000000800194c        0xe ./Core/Src/stm32f4xx_it.o
                0x000000000800194c                DebugMon_Handler
 .text.PendSV_Handler
                0x000000000800195a        0xe ./Core/Src/stm32f4xx_it.o
                0x000000000800195a                PendSV_Handler
 .text.SysTick_Handler
                0x0000000008001968        0xe ./Core/Src/stm32f4xx_it.o
                0x0000000008001968                SysTick_Handler
 .text.EXTI0_IRQHandler
                0x0000000008001976        0xe ./Core/Src/stm32f4xx_it.o
                0x0000000008001976                EXTI0_IRQHandler
 .text.EXTI1_IRQHandler
                0x0000000008001984        0xe ./Core/Src/stm32f4xx_it.o
                0x0000000008001984                EXTI1_IRQHandler
 .text.EXTI2_IRQHandler
                0x0000000008001992        0xe ./Core/Src/stm32f4xx_it.o
                0x0000000008001992                EXTI2_IRQHandler
 .text.EXTI3_IRQHandler
                0x00000000080019a0        0xe ./Core/Src/stm32f4xx_it.o
                0x00000000080019a0                EXTI3_IRQHandler
 *fill*         0x00000000080019ae        0x2 
 .text.DMA1_Stream4_IRQHandler
                0x00000000080019b0       0x14 ./Core/Src/stm32f4xx_it.o
                0x00000000080019b0                DMA1_Stream4_IRQHandler
 .text.TIM1_UP_TIM10_IRQHandler
                0x00000000080019c4       0x14 ./Core/Src/stm32f4xx_it.o
                0x00000000080019c4                TIM1_UP_TIM10_IRQHandler
 .text.SPI2_IRQHandler
                0x00000000080019d8       0x14 ./Core/Src/stm32f4xx_it.o
                0x00000000080019d8                SPI2_IRQHandler
 .text.OTG_FS_IRQHandler
                0x00000000080019ec       0x14 ./Core/Src/stm32f4xx_it.o
                0x00000000080019ec                OTG_FS_IRQHandler
 .text._sbrk    0x0000000008001a00       0x6c ./Core/Src/sysmem.o
                0x0000000008001a00                _sbrk
 .text.SystemInit
                0x0000000008001a6c       0x24 ./Core/Src/system_stm32f4xx.o
                0x0000000008001a6c                SystemInit
 .text.Reset_Handler
                0x0000000008001a90       0x50 ./Core/Startup/startup_stm32f429zitx.o
                0x0000000008001a90                Reset_Handler
 .text.Default_Handler
                0x0000000008001ae0        0x2 ./Core/Startup/startup_stm32f429zitx.o
                0x0000000008001ae0                RTC_Alarm_IRQHandler
                0x0000000008001ae0                HASH_RNG_IRQHandler
                0x0000000008001ae0                TIM8_CC_IRQHandler
                0x0000000008001ae0                UART8_IRQHandler
                0x0000000008001ae0                SPI4_IRQHandler
                0x0000000008001ae0                TIM1_CC_IRQHandler
                0x0000000008001ae0                DMA2_Stream5_IRQHandler
                0x0000000008001ae0                DMA1_Stream5_IRQHandler
                0x0000000008001ae0                PVD_IRQHandler
                0x0000000008001ae0                SDIO_IRQHandler
                0x0000000008001ae0                TAMP_STAMP_IRQHandler
                0x0000000008001ae0                CAN2_RX1_IRQHandler
                0x0000000008001ae0                TIM8_TRG_COM_TIM14_IRQHandler
                0x0000000008001ae0                TIM8_UP_TIM13_IRQHandler
                0x0000000008001ae0                I2C3_ER_IRQHandler
                0x0000000008001ae0                I2C2_EV_IRQHandler
                0x0000000008001ae0                DMA1_Stream2_IRQHandler
                0x0000000008001ae0                CAN1_RX0_IRQHandler
                0x0000000008001ae0                FPU_IRQHandler
                0x0000000008001ae0                OTG_HS_WKUP_IRQHandler
                0x0000000008001ae0                LTDC_ER_IRQHandler
                0x0000000008001ae0                CAN2_SCE_IRQHandler
                0x0000000008001ae0                DMA2_Stream2_IRQHandler
                0x0000000008001ae0                SPI1_IRQHandler
                0x0000000008001ae0                TIM6_DAC_IRQHandler
                0x0000000008001ae0                TIM1_BRK_TIM9_IRQHandler
                0x0000000008001ae0                DCMI_IRQHandler
                0x0000000008001ae0                CAN2_RX0_IRQHandler
                0x0000000008001ae0                DMA2_Stream3_IRQHandler
                0x0000000008001ae0                USART6_IRQHandler
                0x0000000008001ae0                USART3_IRQHandler
                0x0000000008001ae0                CAN1_RX1_IRQHandler
                0x0000000008001ae0                UART5_IRQHandler
                0x0000000008001ae0                DMA2_Stream0_IRQHandler
                0x0000000008001ae0                TIM4_IRQHandler
                0x0000000008001ae0                I2C1_EV_IRQHandler
                0x0000000008001ae0                DMA1_Stream6_IRQHandler
                0x0000000008001ae0                DMA1_Stream1_IRQHandler
                0x0000000008001ae0                UART4_IRQHandler
                0x0000000008001ae0                TIM3_IRQHandler
                0x0000000008001ae0                RCC_IRQHandler
                0x0000000008001ae0                TIM8_BRK_TIM12_IRQHandler
                0x0000000008001ae0                Default_Handler
                0x0000000008001ae0                EXTI15_10_IRQHandler
                0x0000000008001ae0                ADC_IRQHandler
                0x0000000008001ae0                DMA1_Stream7_IRQHandler
                0x0000000008001ae0                SPI5_IRQHandler
                0x0000000008001ae0                TIM7_IRQHandler
                0x0000000008001ae0                CAN2_TX_IRQHandler
                0x0000000008001ae0                TIM5_IRQHandler
                0x0000000008001ae0                DMA2_Stream7_IRQHandler
                0x0000000008001ae0                I2C3_EV_IRQHandler
                0x0000000008001ae0                EXTI9_5_IRQHandler
                0x0000000008001ae0                RTC_WKUP_IRQHandler
                0x0000000008001ae0                LTDC_IRQHandler
                0x0000000008001ae0                ETH_WKUP_IRQHandler
                0x0000000008001ae0                OTG_HS_EP1_IN_IRQHandler
                0x0000000008001ae0                DMA1_Stream0_IRQHandler
                0x0000000008001ae0                CAN1_TX_IRQHandler
                0x0000000008001ae0                EXTI4_IRQHandler
                0x0000000008001ae0                ETH_IRQHandler
                0x0000000008001ae0                OTG_HS_EP1_OUT_IRQHandler
                0x0000000008001ae0                WWDG_IRQHandler
                0x0000000008001ae0                SPI6_IRQHandler
                0x0000000008001ae0                TIM2_IRQHandler
                0x0000000008001ae0                OTG_FS_WKUP_IRQHandler
                0x0000000008001ae0                TIM1_TRG_COM_TIM11_IRQHandler
                0x0000000008001ae0                OTG_HS_IRQHandler
                0x0000000008001ae0                DMA2D_IRQHandler
                0x0000000008001ae0                UART7_IRQHandler
                0x0000000008001ae0                USART2_IRQHandler
                0x0000000008001ae0                I2C2_ER_IRQHandler
                0x0000000008001ae0                DMA2_Stream1_IRQHandler
                0x0000000008001ae0                CAN1_SCE_IRQHandler
                0x0000000008001ae0                FLASH_IRQHandler
                0x0000000008001ae0                DMA2_Stream4_IRQHandler
                0x0000000008001ae0                USART1_IRQHandler
                0x0000000008001ae0                SPI3_IRQHandler
                0x0000000008001ae0                I2C1_ER_IRQHandler
                0x0000000008001ae0                FMC_IRQHandler
                0x0000000008001ae0                DMA2_Stream6_IRQHandler
                0x0000000008001ae0                SAI1_IRQHandler
                0x0000000008001ae0                DMA1_Stream3_IRQHandler
 *fill*         0x0000000008001ae2        0x2 
 .text.HAL_Init
                0x0000000008001ae4       0x44 ./Drivers/STM32F4xx_HAL_Driver/Src/stm32f4xx_hal.o
                0x0000000008001ae4                HAL_Init
 .text.HAL_IncTick
                0x0000000008001b28       0x28 ./Drivers/STM32F4xx_HAL_Driver/Src/stm32f4xx_hal.o
                0x0000000008001b28                HAL_IncTick
 .text.HAL_GetTick
                0x0000000008001b50       0x18 ./Drivers/STM32F4xx_HAL_Driver/Src/stm32f4xx_hal.o
                0x0000000008001b50                HAL_GetTick
 .text.HAL_Delay
                0x0000000008001b68       0x48 ./Drivers/STM32F4xx_HAL_Driver/Src/stm32f4xx_hal.o
                0x0000000008001b68                HAL_Delay
 .text.__NVIC_SetPriorityGrouping
                0x0000000008001bb0       0x48 ./Drivers/STM32F4xx_HAL_Driver/Src/stm32f4xx_hal_cortex.o
 .text.__NVIC_GetPriorityGrouping
                0x0000000008001bf8       0x1c ./Drivers/STM32F4xx_HAL_Driver/Src/stm32f4xx_hal_cortex.o
 .text.__NVIC_EnableIRQ
                0x0000000008001c14       0x3c ./Drivers/STM32F4xx_HAL_Driver/Src/stm32f4xx_hal_cortex.o
 .text.__NVIC_SetPriority
                0x0000000008001c50       0x54 ./Drivers/STM32F4xx_HAL_Driver/Src/stm32f4xx_hal_cortex.o
 .text.NVIC_EncodePriority
                0x0000000008001ca4       0x66 ./Drivers/STM32F4xx_HAL_Driver/Src/stm32f4xx_hal_cortex.o
 .text.HAL_NVIC_SetPriorityGrouping
                0x0000000008001d0a       0x16 ./Drivers/STM32F4xx_HAL_Driver/Src/stm32f4xx_hal_cortex.o
                0x0000000008001d0a                HAL_NVIC_SetPriorityGrouping
 .text.HAL_NVIC_SetPriority
                0x0000000008001d20       0x38 ./Drivers/STM32F4xx_HAL_Driver/Src/stm32f4xx_hal_cortex.o
                0x0000000008001d20                HAL_NVIC_SetPriority
 .text.HAL_NVIC_EnableIRQ
                0x0000000008001d58       0x1c ./Drivers/STM32F4xx_HAL_Driver/Src/stm32f4xx_hal_cortex.o
                0x0000000008001d58                HAL_NVIC_EnableIRQ
 .text.HAL_DMA_Init
                0x0000000008001d74      0x15c ./Drivers/STM32F4xx_HAL_Driver/Src/stm32f4xx_hal_dma.o
                0x0000000008001d74                HAL_DMA_Init
 .text.HAL_DMA_Start_IT
                0x0000000008001ed0       0xb0 ./Drivers/STM32F4xx_HAL_Driver/Src/stm32f4xx_hal_dma.o
                0x0000000008001ed0                HAL_DMA_Start_IT
 .text.HAL_DMA_Abort
                0x0000000008001f80       0xe0 ./Drivers/STM32F4xx_HAL_Driver/Src/stm32f4xx_hal_dma.o
                0x0000000008001f80                HAL_DMA_Abort
 .text.HAL_DMA_IRQHandler
                0x0000000008002060      0x314 ./Drivers/STM32F4xx_HAL_Driver/Src/stm32f4xx_hal_dma.o
                0x0000000008002060                HAL_DMA_IRQHandler
 .text.DMA_SetConfig
                0x0000000008002374       0x5c ./Drivers/STM32F4xx_HAL_Driver/Src/stm32f4xx_hal_dma.o
 .text.DMA_CalcBaseAndBitshift
                0x00000000080023d0       0x6c ./Drivers/STM32F4xx_HAL_Driver/Src/stm32f4xx_hal_dma.o
 .text.DMA_CheckFifoParam
                0x000000000800243c       0xf8 ./Drivers/STM32F4xx_HAL_Driver/Src/stm32f4xx_hal_dma.o
 .text.HAL_GPIO_Init
                0x0000000008002534      0x358 ./Drivers/STM32F4xx_HAL_Driver/Src/stm32f4xx_hal_gpio.o
                0x0000000008002534                HAL_GPIO_Init
 .text.HAL_GPIO_ReadPin
                0x000000000800288c       0x30 ./Drivers/STM32F4xx_HAL_Driver/Src/stm32f4xx_hal_gpio.o
                0x000000000800288c                HAL_GPIO_ReadPin
 .text.HAL_GPIO_WritePin
                0x00000000080028bc       0x32 ./Drivers/STM32F4xx_HAL_Driver/Src/stm32f4xx_hal_gpio.o
                0x00000000080028bc                HAL_GPIO_WritePin
 *fill*         0x00000000080028ee        0x2 
 .text.HAL_GPIO_EXTI_IRQHandler
                0x00000000080028f0       0x30 ./Drivers/STM32F4xx_HAL_Driver/Src/stm32f4xx_hal_gpio.o
                0x00000000080028f0                HAL_GPIO_EXTI_IRQHandler
 .text.HAL_HCD_Init
                0x0000000008002920       0xc4 ./Drivers/STM32F4xx_HAL_Driver/Src/stm32f4xx_hal_hcd.o
                0x0000000008002920                HAL_HCD_Init
 .text.HAL_HCD_HC_Init
                0x00000000080029e4      0x11e ./Drivers/STM32F4xx_HAL_Driver/Src/stm32f4xx_hal_hcd.o
                0x00000000080029e4                HAL_HCD_HC_Init
 .text.HAL_HCD_HC_Halt
                0x0000000008002b02       0x46 ./Drivers/STM32F4xx_HAL_Driver/Src/stm32f4xx_hal_hcd.o
                0x0000000008002b02                HAL_HCD_HC_Halt
 .text.HAL_HCD_HC_SubmitRequest
                0x0000000008002b48      0x2ac ./Drivers/STM32F4xx_HAL_Driver/Src/stm32f4xx_hal_hcd.o
                0x0000000008002b48                HAL_HCD_HC_SubmitRequest
 .text.HAL_HCD_IRQHandler
                0x0000000008002df4      0x208 ./Drivers/STM32F4xx_HAL_Driver/Src/stm32f4xx_hal_hcd.o
                0x0000000008002df4                HAL_HCD_IRQHandler
 .text.HAL_HCD_Start
                0x0000000008002ffc       0x46 ./Drivers/STM32F4xx_HAL_Driver/Src/stm32f4xx_hal_hcd.o
                0x0000000008002ffc                HAL_HCD_Start
 .text.HAL_HCD_Stop
                0x0000000008003042       0x3a ./Drivers/STM32F4xx_HAL_Driver/Src/stm32f4xx_hal_hcd.o
                0x0000000008003042                HAL_HCD_Stop
 .text.HAL_HCD_ResetPort
                0x000000000800307c       0x1c ./Drivers/STM32F4xx_HAL_Driver/Src/stm32f4xx_hal_hcd.o
                0x000000000800307c                HAL_HCD_ResetPort
 .text.HAL_HCD_HC_GetURBState
                0x0000000008003098       0x28 ./Drivers/STM32F4xx_HAL_Driver/Src/stm32f4xx_hal_hcd.o
                0x0000000008003098                HAL_HCD_HC_GetURBState
 .text.HAL_HCD_HC_GetXferCount
                0x00000000080030c0       0x28 ./Drivers/STM32F4xx_HAL_Driver/Src/stm32f4xx_hal_hcd.o
                0x00000000080030c0                HAL_HCD_HC_GetXferCount
 .text.HAL_HCD_GetCurrentFrame
                0x00000000080030e8       0x1c ./Drivers/STM32F4xx_HAL_Driver/Src/stm32f4xx_hal_hcd.o
                0x00000000080030e8                HAL_HCD_GetCurrentFrame
 .text.HAL_HCD_GetCurrentSpeed
                0x0000000008003104       0x1c ./Drivers/STM32F4xx_HAL_Driver/Src/stm32f4xx_hal_hcd.o
                0x0000000008003104                HAL_HCD_GetCurrentSpeed
 .text.HCD_HC_IN_IRQHandler
                0x0000000008003120      0x844 ./Drivers/STM32F4xx_HAL_Driver/Src/stm32f4xx_hal_hcd.o
 .text.HCD_HC_OUT_IRQHandler
                0x0000000008003964      0x7fa ./Drivers/STM32F4xx_HAL_Driver/Src/stm32f4xx_hal_hcd.o
 .text.HCD_RXQLVL_IRQHandler
                0x000000000800415e      0x1a4 ./Drivers/STM32F4xx_HAL_Driver/Src/stm32f4xx_hal_hcd.o
 .text.HCD_Port_IRQHandler
                0x0000000008004302       0xe6 ./Drivers/STM32F4xx_HAL_Driver/Src/stm32f4xx_hal_hcd.o
 .text.HAL_I2C_Init
                0x00000000080043e8      0x288 ./Drivers/STM32F4xx_HAL_Driver/Src/stm32f4xx_hal_i2c.o
                0x00000000080043e8                HAL_I2C_Init
 .text.HAL_I2C_Master_Transmit
                0x0000000008004670      0x1fc ./Drivers/STM32F4xx_HAL_Driver/Src/stm32f4xx_hal_i2c.o
                0x0000000008004670                HAL_I2C_Master_Transmit
 .text.HAL_I2C_IsDeviceReady
                0x000000000800486c      0x25c ./Drivers/STM32F4xx_HAL_Driver/Src/stm32f4xx_hal_i2c.o
                0x000000000800486c                HAL_I2C_IsDeviceReady
 .text.I2C_MasterRequestWrite
                0x0000000008004ac8      0x104 ./Drivers/STM32F4xx_HAL_Driver/Src/stm32f4xx_hal_i2c.o
 .text.I2C_WaitOnFlagUntilTimeout
                0x0000000008004bcc       0xae ./Drivers/STM32F4xx_HAL_Driver/Src/stm32f4xx_hal_i2c.o
 .text.I2C_WaitOnMasterAddressFlagUntilTimeout
                0x0000000008004c7a       0xfe ./Drivers/STM32F4xx_HAL_Driver/Src/stm32f4xx_hal_i2c.o
 .text.I2C_WaitOnTXEFlagUntilTimeout
                0x0000000008004d78       0x82 ./Drivers/STM32F4xx_HAL_Driver/Src/stm32f4xx_hal_i2c.o
 .text.I2C_WaitOnBTFFlagUntilTimeout
                0x0000000008004dfa       0x82 ./Drivers/STM32F4xx_HAL_Driver/Src/stm32f4xx_hal_i2c.o
 .text.I2C_IsAcknowledgeFailed
                0x0000000008004e7c       0x5e ./Drivers/STM32F4xx_HAL_Driver/Src/stm32f4xx_hal_i2c.o
 .text.HAL_I2CEx_ConfigAnalogFilter
                0x0000000008004eda       0x78 ./Drivers/STM32F4xx_HAL_Driver/Src/stm32f4xx_hal_i2c_ex.o
                0x0000000008004eda                HAL_I2CEx_ConfigAnalogFilter
 .text.HAL_I2CEx_ConfigDigitalFilter
                0x0000000008004f52       0x7e ./Drivers/STM32F4xx_HAL_Driver/Src/stm32f4xx_hal_i2c_ex.o
                0x0000000008004f52                HAL_I2CEx_ConfigDigitalFilter
 .text.HAL_I2S_Init
                0x0000000008004fd0      0x280 ./Drivers/STM32F4xx_HAL_Driver/Src/stm32f4xx_hal_i2s.o
                0x0000000008004fd0                HAL_I2S_Init
 .text.HAL_I2S_Transmit_DMA
                0x0000000008005250      0x150 ./Drivers/STM32F4xx_HAL_Driver/Src/stm32f4xx_hal_i2s.o
                0x0000000008005250                HAL_I2S_Transmit_DMA
 .text.HAL_I2S_DMAPause
                0x00000000080053a0       0xc4 ./Drivers/STM32F4xx_HAL_Driver/Src/stm32f4xx_hal_i2s.o
                0x00000000080053a0                HAL_I2S_DMAPause
 .text.HAL_I2S_DMAResume
                0x0000000008005464      0x128 ./Drivers/STM32F4xx_HAL_Driver/Src/stm32f4xx_hal_i2s.o
                0x0000000008005464                HAL_I2S_DMAResume
 .text.HAL_I2S_DMAStop
                0x000000000800558c      0x3b4 ./Drivers/STM32F4xx_HAL_Driver/Src/stm32f4xx_hal_i2s.o
                0x000000000800558c                HAL_I2S_DMAStop
 .text.HAL_I2S_IRQHandler
                0x0000000008005940       0x18 ./Drivers/STM32F4xx_HAL_Driver/Src/stm32f4xx_hal_i2s.o
                0x0000000008005940                HAL_I2S_IRQHandler
 .text.HAL_I2S_TxHalfCpltCallback
                0x0000000008005958       0x14 ./Drivers/STM32F4xx_HAL_Driver/Src/stm32f4xx_hal_i2s.o
                0x0000000008005958                HAL_I2S_TxHalfCpltCallback
 .text.HAL_I2S_RxCpltCallback
                0x000000000800596c       0x14 ./Drivers/STM32F4xx_HAL_Driver/Src/stm32f4xx_hal_i2s.o
                0x000000000800596c                HAL_I2S_RxCpltCallback
 .text.HAL_I2S_ErrorCallback
                0x0000000008005980       0x14 ./Drivers/STM32F4xx_HAL_Driver/Src/stm32f4xx_hal_i2s.o
                0x0000000008005980                HAL_I2S_ErrorCallback
 .text.I2S_DMATxCplt
                0x0000000008005994       0x42 ./Drivers/STM32F4xx_HAL_Driver/Src/stm32f4xx_hal_i2s.o
 .text.I2S_DMATxHalfCplt
                0x00000000080059d6       0x1c ./Drivers/STM32F4xx_HAL_Driver/Src/stm32f4xx_hal_i2s.o
 .text.I2S_DMAError
                0x00000000080059f2       0x4c ./Drivers/STM32F4xx_HAL_Driver/Src/stm32f4xx_hal_i2s.o
 .text.I2S_Transmit_IT
                0x0000000008005a3e       0x5c ./Drivers/STM32F4xx_HAL_Driver/Src/stm32f4xx_hal_i2s.o
 .text.I2S_Receive_IT
                0x0000000008005a9a       0x5e ./Drivers/STM32F4xx_HAL_Driver/Src/stm32f4xx_hal_i2s.o
 .text.I2S_IRQHandler
                0x0000000008005af8      0x114 ./Drivers/STM32F4xx_HAL_Driver/Src/stm32f4xx_hal_i2s.o
 .text.I2S_WaitFlagStateUntilTimeout
                0x0000000008005c0c       0x72 ./Drivers/STM32F4xx_HAL_Driver/Src/stm32f4xx_hal_i2s.o
 *fill*         0x0000000008005c7e        0x2 
 .text.HAL_I2SEx_FullDuplex_IRQHandler
                0x0000000008005c80      0x2a8 ./Drivers/STM32F4xx_HAL_Driver/Src/stm32f4xx_hal_i2s_ex.o
                0x0000000008005c80                HAL_I2SEx_FullDuplex_IRQHandler
 .text.HAL_I2SEx_TxRxCpltCallback
                0x0000000008005f28       0x14 ./Drivers/STM32F4xx_HAL_Driver/Src/stm32f4xx_hal_i2s_ex.o
                0x0000000008005f28                HAL_I2SEx_TxRxCpltCallback
 .text.I2SEx_TxISR_I2S
                0x0000000008005f3c       0x62 ./Drivers/STM32F4xx_HAL_Driver/Src/stm32f4xx_hal_i2s_ex.o
 *fill*         0x0000000008005f9e        0x2 
 .text.I2SEx_TxISR_I2SExt
                0x0000000008005fa0       0x98 ./Drivers/STM32F4xx_HAL_Driver/Src/stm32f4xx_hal_i2s_ex.o
 .text.I2SEx_RxISR_I2S
                0x0000000008006038       0x64 ./Drivers/STM32F4xx_HAL_Driver/Src/stm32f4xx_hal_i2s_ex.o
 .text.I2SEx_RxISR_I2SExt
                0x000000000800609c       0x98 ./Drivers/STM32F4xx_HAL_Driver/Src/stm32f4xx_hal_i2s_ex.o
 .text.HAL_RCC_OscConfig
                0x0000000008006134      0x4f0 ./Drivers/STM32F4xx_HAL_Driver/Src/stm32f4xx_hal_rcc.o
                0x0000000008006134                HAL_RCC_OscConfig
 .text.HAL_RCC_ClockConfig
                0x0000000008006624      0x1cc ./Drivers/STM32F4xx_HAL_Driver/Src/stm32f4xx_hal_rcc.o
                0x0000000008006624                HAL_RCC_ClockConfig
 .text.HAL_RCC_GetSysClockFreq
                0x00000000080067f0      0x1c4 ./Drivers/STM32F4xx_HAL_Driver/Src/stm32f4xx_hal_rcc.o
                0x00000000080067f0                HAL_RCC_GetSysClockFreq
 .text.HAL_RCC_GetHCLKFreq
                0x00000000080069b4       0x18 ./Drivers/STM32F4xx_HAL_Driver/Src/stm32f4xx_hal_rcc.o
                0x00000000080069b4                HAL_RCC_GetHCLKFreq
 .text.HAL_RCC_GetPCLK1Freq
                0x00000000080069cc       0x28 ./Drivers/STM32F4xx_HAL_Driver/Src/stm32f4xx_hal_rcc.o
                0x00000000080069cc                HAL_RCC_GetPCLK1Freq
 .text.HAL_RCC_GetPCLK2Freq
                0x00000000080069f4       0x28 ./Drivers/STM32F4xx_HAL_Driver/Src/stm32f4xx_hal_rcc.o
                0x00000000080069f4                HAL_RCC_GetPCLK2Freq
 .text.HAL_RCC_GetClockConfig
                0x0000000008006a1c       0x64 ./Drivers/STM32F4xx_HAL_Driver/Src/stm32f4xx_hal_rcc.o
                0x0000000008006a1c                HAL_RCC_GetClockConfig
 .text.HAL_RCCEx_PeriphCLKConfig
                0x0000000008006a80      0x37c ./Drivers/STM32F4xx_HAL_Driver/Src/stm32f4xx_hal_rcc_ex.o
                0x0000000008006a80                HAL_RCCEx_PeriphCLKConfig
 .text.HAL_RCCEx_GetPeriphCLKFreq
                0x0000000008006dfc       0xbc ./Drivers/STM32F4xx_HAL_Driver/Src/stm32f4xx_hal_rcc_ex.o
                0x0000000008006dfc                HAL_RCCEx_GetPeriphCLKFreq
 .text.HAL_TIM_Base_Init
                0x0000000008006eb8       0x9e ./Drivers/STM32F4xx_HAL_Driver/Src/stm32f4xx_hal_tim.o
                0x0000000008006eb8                HAL_TIM_Base_Init
 .text.HAL_TIM_Base_MspInit
                0x0000000008006f56       0x14 ./Drivers/STM32F4xx_HAL_Driver/Src/stm32f4xx_hal_tim.o
                0x0000000008006f56                HAL_TIM_Base_MspInit
 *fill*         0x0000000008006f6a        0x2 
 .text.HAL_TIM_Base_Start_IT
                0x0000000008006f6c       0xe0 ./Drivers/STM32F4xx_HAL_Driver/Src/stm32f4xx_hal_tim.o
                0x0000000008006f6c                HAL_TIM_Base_Start_IT
 .text.HAL_TIM_IRQHandler
                0x000000000800704c      0x210 ./Drivers/STM32F4xx_HAL_Driver/Src/stm32f4xx_hal_tim.o
                0x000000000800704c                HAL_TIM_IRQHandler
 .text.HAL_TIM_OC_DelayElapsedCallback
                0x000000000800725c       0x14 ./Drivers/STM32F4xx_HAL_Driver/Src/stm32f4xx_hal_tim.o
                0x000000000800725c                HAL_TIM_OC_DelayElapsedCallback
 .text.HAL_TIM_IC_CaptureCallback
                0x0000000008007270       0x14 ./Drivers/STM32F4xx_HAL_Driver/Src/stm32f4xx_hal_tim.o
                0x0000000008007270                HAL_TIM_IC_CaptureCallback
 .text.HAL_TIM_PWM_PulseFinishedCallback
                0x0000000008007284       0x14 ./Drivers/STM32F4xx_HAL_Driver/Src/stm32f4xx_hal_tim.o
                0x0000000008007284                HAL_TIM_PWM_PulseFinishedCallback
 .text.HAL_TIM_TriggerCallback
                0x0000000008007298       0x14 ./Drivers/STM32F4xx_HAL_Driver/Src/stm32f4xx_hal_tim.o
                0x0000000008007298                HAL_TIM_TriggerCallback
 .text.TIM_Base_SetConfig
                0x00000000080072ac      0x140 ./Drivers/STM32F4xx_HAL_Driver/Src/stm32f4xx_hal_tim.o
                0x00000000080072ac                TIM_Base_SetConfig
 .text.HAL_TIMEx_CommutCallback
                0x00000000080073ec       0x14 ./Drivers/STM32F4xx_HAL_Driver/Src/stm32f4xx_hal_tim_ex.o
                0x00000000080073ec                HAL_TIMEx_CommutCallback
 .text.HAL_TIMEx_BreakCallback
                0x0000000008007400       0x14 ./Drivers/STM32F4xx_HAL_Driver/Src/stm32f4xx_hal_tim_ex.o
                0x0000000008007400                HAL_TIMEx_BreakCallback
 .text.HAL_UART_Init
                0x0000000008007414       0x9a ./Drivers/STM32F4xx_HAL_Driver/Src/stm32f4xx_hal_uart.o
                0x0000000008007414                HAL_UART_Init
 .text.HAL_UART_Transmit
                0x00000000080074ae      0x124 ./Drivers/STM32F4xx_HAL_Driver/Src/stm32f4xx_hal_uart.o
                0x00000000080074ae                HAL_UART_Transmit
 .text.UART_WaitOnFlagUntilTimeout
                0x00000000080075d2       0x94 ./Drivers/STM32F4xx_HAL_Driver/Src/stm32f4xx_hal_uart.o
 *fill*         0x0000000008007666        0x2 
 .text.UART_SetConfig
                0x0000000008007668      0x390 ./Drivers/STM32F4xx_HAL_Driver/Src/stm32f4xx_hal_uart.o
 .text.USB_CoreInit
                0x00000000080079f8       0xc2 ./Drivers/STM32F4xx_HAL_Driver/Src/stm32f4xx_ll_usb.o
                0x00000000080079f8                USB_CoreInit
 .text.USB_EnableGlobalInt
                0x0000000008007aba       0x22 ./Drivers/STM32F4xx_HAL_Driver/Src/stm32f4xx_ll_usb.o
                0x0000000008007aba                USB_EnableGlobalInt
 .text.USB_DisableGlobalInt
                0x0000000008007adc       0x22 ./Drivers/STM32F4xx_HAL_Driver/Src/stm32f4xx_ll_usb.o
                0x0000000008007adc                USB_DisableGlobalInt
 .text.USB_SetCurrentMode
                0x0000000008007afe       0x54 ./Drivers/STM32F4xx_HAL_Driver/Src/stm32f4xx_ll_usb.o
                0x0000000008007afe                USB_SetCurrentMode
 *fill*         0x0000000008007b52        0x2 
 .text.USB_FlushTxFifo
                0x0000000008007b54       0x4c ./Drivers/STM32F4xx_HAL_Driver/Src/stm32f4xx_ll_usb.o
                0x0000000008007b54                USB_FlushTxFifo
 .text.USB_FlushRxFifo
                0x0000000008007ba0       0x44 ./Drivers/STM32F4xx_HAL_Driver/Src/stm32f4xx_ll_usb.o
                0x0000000008007ba0                USB_FlushRxFifo
 .text.USB_WritePacket
                0x0000000008007be4       0x6a ./Drivers/STM32F4xx_HAL_Driver/Src/stm32f4xx_ll_usb.o
                0x0000000008007be4                USB_WritePacket
 .text.USB_ReadPacket
                0x0000000008007c4e       0x52 ./Drivers/STM32F4xx_HAL_Driver/Src/stm32f4xx_ll_usb.o
                0x0000000008007c4e                USB_ReadPacket
 .text.USB_ReadInterrupts
                0x0000000008007ca0       0x26 ./Drivers/STM32F4xx_HAL_Driver/Src/stm32f4xx_ll_usb.o
                0x0000000008007ca0                USB_ReadInterrupts
 .text.USB_GetMode
                0x0000000008007cc6       0x1c ./Drivers/STM32F4xx_HAL_Driver/Src/stm32f4xx_ll_usb.o
                0x0000000008007cc6                USB_GetMode
 *fill*         0x0000000008007ce2        0x2 
 .text.USB_CoreReset
                0x0000000008007ce4       0x68 ./Drivers/STM32F4xx_HAL_Driver/Src/stm32f4xx_ll_usb.o
 .text.USB_HostInit
                0x0000000008007d4c      0x178 ./Drivers/STM32F4xx_HAL_Driver/Src/stm32f4xx_ll_usb.o
                0x0000000008007d4c                USB_HostInit
 .text.USB_InitFSLSPClkSel
                0x0000000008007ec4       0x74 ./Drivers/STM32F4xx_HAL_Driver/Src/stm32f4xx_ll_usb.o
                0x0000000008007ec4                USB_InitFSLSPClkSel
 .text.USB_ResetPort
                0x0000000008007f38       0x54 ./Drivers/STM32F4xx_HAL_Driver/Src/stm32f4xx_ll_usb.o
                0x0000000008007f38                USB_ResetPort
 .text.USB_DriveVbus
                0x0000000008007f8c       0x72 ./Drivers/STM32F4xx_HAL_Driver/Src/stm32f4xx_ll_usb.o
                0x0000000008007f8c                USB_DriveVbus
 .text.USB_GetHostSpeed
                0x0000000008007ffe       0x2e ./Drivers/STM32F4xx_HAL_Driver/Src/stm32f4xx_ll_usb.o
                0x0000000008007ffe                USB_GetHostSpeed
 .text.USB_GetCurrentFrame
                0x000000000800802c       0x22 ./Drivers/STM32F4xx_HAL_Driver/Src/stm32f4xx_ll_usb.o
                0x000000000800802c                USB_GetCurrentFrame
 *fill*         0x000000000800804e        0x2 
 .text.USB_HC_Init
                0x0000000008008050      0x21c ./Drivers/STM32F4xx_HAL_Driver/Src/stm32f4xx_ll_usb.o
                0x0000000008008050                USB_HC_Init
 .text.USB_HC_StartXfer
                0x000000000800826c      0x284 ./Drivers/STM32F4xx_HAL_Driver/Src/stm32f4xx_ll_usb.o
                0x000000000800826c                USB_HC_StartXfer
 .text.USB_HC_ReadInterrupt
                0x00000000080084f0       0x22 ./Drivers/STM32F4xx_HAL_Driver/Src/stm32f4xx_ll_usb.o
                0x00000000080084f0                USB_HC_ReadInterrupt
 .text.USB_HC_Halt
                0x0000000008008512      0x238 ./Drivers/STM32F4xx_HAL_Driver/Src/stm32f4xx_ll_usb.o
                0x0000000008008512                USB_HC_Halt
 *fill*         0x000000000800874a        0x2 
 .text.USB_DoPing
                0x000000000800874c       0x78 ./Drivers/STM32F4xx_HAL_Driver/Src/stm32f4xx_ll_usb.o
                0x000000000800874c                USB_DoPing
 .text.USB_StopHost
                0x00000000080087c4      0x10c ./Drivers/STM32F4xx_HAL_Driver/Src/stm32f4xx_ll_usb.o
                0x00000000080087c4                USB_StopHost
 .text.MX_FATFS_Init
                0x00000000080088d0       0x24 ./FATFS/App/fatfs.o
                0x00000000080088d0                MX_FATFS_Init
 .text.get_fattime
                0x00000000080088f4       0x10 ./FATFS/App/fatfs.o
                0x00000000080088f4                get_fattime
 .text.USBH_initialize
                0x0000000008008904       0x18 ./FATFS/Target/usbh_diskio.o
                0x0000000008008904                USBH_initialize
 .text.USBH_status
                0x000000000800891c       0x38 ./FATFS/Target/usbh_diskio.o
                0x000000000800891c                USBH_status
 .text.USBH_read
                0x0000000008008954       0x74 ./FATFS/Target/usbh_diskio.o
                0x0000000008008954                USBH_read
 .text.USBH_write
                0x00000000080089c8       0x84 ./FATFS/Target/usbh_diskio.o
                0x00000000080089c8                USBH_write
 .text.USBH_ioctl
                0x0000000008008a4c       0xd8 ./FATFS/Target/usbh_diskio.o
                0x0000000008008a4c                USBH_ioctl
 .text.USBH_MSC_InterfaceInit
                0x0000000008008b24      0x216 ./Middlewares/ST/STM32_USB_Host_Library/Class/MSC/Src/usbh_msc.o
 .text.USBH_MSC_InterfaceDeInit
                0x0000000008008d3a       0x8c ./Middlewares/ST/STM32_USB_Host_Library/Class/MSC/Src/usbh_msc.o
 .text.USBH_MSC_ClassRequest
                0x0000000008008dc6       0xce ./Middlewares/ST/STM32_USB_Host_Library/Class/MSC/Src/usbh_msc.o
 .text.USBH_MSC_Process
                0x0000000008008e94      0x520 ./Middlewares/ST/STM32_USB_Host_Library/Class/MSC/Src/usbh_msc.o
 .text.USBH_MSC_SOFProcess
                0x00000000080093b4       0x16 ./Middlewares/ST/STM32_USB_Host_Library/Class/MSC/Src/usbh_msc.o
 .text.USBH_MSC_RdWrProcess
                0x00000000080093ca      0x19e ./Middlewares/ST/STM32_USB_Host_Library/Class/MSC/Src/usbh_msc.o
 .text.USBH_MSC_UnitIsReady
                0x0000000008009568       0x4c ./Middlewares/ST/STM32_USB_Host_Library/Class/MSC/Src/usbh_msc.o
                0x0000000008009568                USBH_MSC_UnitIsReady
 .text.USBH_MSC_GetLUNInfo
                0x00000000080095b4       0x48 ./Middlewares/ST/STM32_USB_Host_Library/Class/MSC/Src/usbh_msc.o
                0x00000000080095b4                USBH_MSC_GetLUNInfo
 .text.USBH_MSC_Read
                0x00000000080095fc       0xd2 ./Middlewares/ST/STM32_USB_Host_Library/Class/MSC/Src/usbh_msc.o
                0x00000000080095fc                USBH_MSC_Read
 .text.USBH_MSC_Write
                0x00000000080096ce       0xd2 ./Middlewares/ST/STM32_USB_Host_Library/Class/MSC/Src/usbh_msc.o
                0x00000000080096ce                USBH_MSC_Write
 .text.USBH_MSC_BOT_REQ_Reset
                0x00000000080097a0       0x3a ./Middlewares/ST/STM32_USB_Host_Library/Class/MSC/Src/usbh_msc_bot.o
                0x00000000080097a0                USBH_MSC_BOT_REQ_Reset
 .text.USBH_MSC_BOT_REQ_GetMaxLUN
                0x00000000080097da       0x3c ./Middlewares/ST/STM32_USB_Host_Library/Class/MSC/Src/usbh_msc_bot.o
                0x00000000080097da                USBH_MSC_BOT_REQ_GetMaxLUN
 *fill*         0x0000000008009816        0x2 
 .text.USBH_MSC_BOT_Init
                0x0000000008009818       0x44 ./Middlewares/ST/STM32_USB_Host_Library/Class/MSC/Src/usbh_msc_bot.o
                0x0000000008009818                USBH_MSC_BOT_Init
 .text.USBH_MSC_BOT_Process
                0x000000000800985c      0x39c ./Middlewares/ST/STM32_USB_Host_Library/Class/MSC/Src/usbh_msc_bot.o
                0x000000000800985c                USBH_MSC_BOT_Process
 .text.USBH_MSC_BOT_Abort
                0x0000000008009bf8       0x58 ./Middlewares/ST/STM32_USB_Host_Library/Class/MSC/Src/usbh_msc_bot.o
 .text.USBH_MSC_DecodeCSW
                0x0000000008009c50       0x88 ./Middlewares/ST/STM32_USB_Host_Library/Class/MSC/Src/usbh_msc_bot.o
 .text.USBH_MSC_SCSI_TestUnitReady
                0x0000000008009cd8       0x86 ./Middlewares/ST/STM32_USB_Host_Library/Class/MSC/Src/usbh_msc_scsi.o
                0x0000000008009cd8                USBH_MSC_SCSI_TestUnitReady
 .text.USBH_MSC_SCSI_ReadCapacity
                0x0000000008009d5e       0xf6 ./Middlewares/ST/STM32_USB_Host_Library/Class/MSC/Src/usbh_msc_scsi.o
                0x0000000008009d5e                USBH_MSC_SCSI_ReadCapacity
 .text.USBH_MSC_SCSI_Inquiry
                0x0000000008009e54      0x14a ./Middlewares/ST/STM32_USB_Host_Library/Class/MSC/Src/usbh_msc_scsi.o
                0x0000000008009e54                USBH_MSC_SCSI_Inquiry
 .text.USBH_MSC_SCSI_RequestSense
                0x0000000008009f9e       0xf2 ./Middlewares/ST/STM32_USB_Host_Library/Class/MSC/Src/usbh_msc_scsi.o
                0x0000000008009f9e                USBH_MSC_SCSI_RequestSense
 .text.USBH_MSC_SCSI_Write
                0x000000000800a090       0xd6 ./Middlewares/ST/STM32_USB_Host_Library/Class/MSC/Src/usbh_msc_scsi.o
                0x000000000800a090                USBH_MSC_SCSI_Write
 .text.USBH_MSC_SCSI_Read
                0x000000000800a166       0xd6 ./Middlewares/ST/STM32_USB_Host_Library/Class/MSC/Src/usbh_msc_scsi.o
                0x000000000800a166                USBH_MSC_SCSI_Read
 .text.USBH_Init
                0x000000000800a23c       0x74 ./Middlewares/ST/STM32_USB_Host_Library/Core/Src/usbh_core.o
                0x000000000800a23c                USBH_Init
 .text.DeInitStateMachine
                0x000000000800a2b0       0xa8 ./Middlewares/ST/STM32_USB_Host_Library/Core/Src/usbh_core.o
 .text.USBH_RegisterClass
                0x000000000800a358       0x54 ./Middlewares/ST/STM32_USB_Host_Library/Core/Src/usbh_core.o
                0x000000000800a358                USBH_RegisterClass
 .text.USBH_SelectInterface
                0x000000000800a3ac       0x38 ./Middlewares/ST/STM32_USB_Host_Library/Core/Src/usbh_core.o
                0x000000000800a3ac                USBH_SelectInterface
 .text.USBH_FindInterface
                0x000000000800a3e4       0x8c ./Middlewares/ST/STM32_USB_Host_Library/Core/Src/usbh_core.o
                0x000000000800a3e4                USBH_FindInterface
 .text.USBH_Start
                0x000000000800a470       0x20 ./Middlewares/ST/STM32_USB_Host_Library/Core/Src/usbh_core.o
                0x000000000800a470                USBH_Start
 .text.USBH_Process
                0x000000000800a490      0x3c0 ./Middlewares/ST/STM32_USB_Host_Library/Core/Src/usbh_core.o
                0x000000000800a490                USBH_Process
 .text.USBH_HandleEnum
                0x000000000800a850      0x3c8 ./Middlewares/ST/STM32_USB_Host_Library/Core/Src/usbh_core.o
 .text.USBH_LL_SetTimer
                0x000000000800ac18       0x1e ./Middlewares/ST/STM32_USB_Host_Library/Core/Src/usbh_core.o
                0x000000000800ac18                USBH_LL_SetTimer
 .text.USBH_LL_IncTimer
                0x000000000800ac36       0x24 ./Middlewares/ST/STM32_USB_Host_Library/Core/Src/usbh_core.o
                0x000000000800ac36                USBH_LL_IncTimer
 .text.USBH_HandleSof
                0x000000000800ac5a       0x30 ./Middlewares/ST/STM32_USB_Host_Library/Core/Src/usbh_core.o
 .text.USBH_LL_PortEnabled
                0x000000000800ac8a       0x1c ./Middlewares/ST/STM32_USB_Host_Library/Core/Src/usbh_core.o
                0x000000000800ac8a                USBH_LL_PortEnabled
 .text.USBH_LL_PortDisabled
                0x000000000800aca6       0x1c ./Middlewares/ST/STM32_USB_Host_Library/Core/Src/usbh_core.o
                0x000000000800aca6                USBH_LL_PortDisabled
 .text.USBH_LL_Connect
                0x000000000800acc2       0x2e ./Middlewares/ST/STM32_USB_Host_Library/Core/Src/usbh_core.o
                0x000000000800acc2                USBH_LL_Connect
 .text.USBH_LL_Disconnect
                0x000000000800acf0       0x48 ./Middlewares/ST/STM32_USB_Host_Library/Core/Src/usbh_core.o
                0x000000000800acf0                USBH_LL_Disconnect
 .text.USBH_Get_DevDesc
                0x000000000800ad38       0x50 ./Middlewares/ST/STM32_USB_Host_Library/Core/Src/usbh_ctlreq.o
                0x000000000800ad38                USBH_Get_DevDesc
 .text.USBH_Get_CfgDesc
                0x000000000800ad88       0x48 ./Middlewares/ST/STM32_USB_Host_Library/Core/Src/usbh_ctlreq.o
                0x000000000800ad88                USBH_Get_CfgDesc
 .text.USBH_Get_StringDesc
                0x000000000800add0       0x56 ./Middlewares/ST/STM32_USB_Host_Library/Core/Src/usbh_ctlreq.o
                0x000000000800add0                USBH_Get_StringDesc
 .text.USBH_GetDescriptor
                0x000000000800ae26       0x6a ./Middlewares/ST/STM32_USB_Host_Library/Core/Src/usbh_ctlreq.o
                0x000000000800ae26                USBH_GetDescriptor
 .text.USBH_SetAddress
                0x000000000800ae90       0x48 ./Middlewares/ST/STM32_USB_Host_Library/Core/Src/usbh_ctlreq.o
                0x000000000800ae90                USBH_SetAddress
 .text.USBH_SetCfg
                0x000000000800aed8       0x46 ./Middlewares/ST/STM32_USB_Host_Library/Core/Src/usbh_ctlreq.o
                0x000000000800aed8                USBH_SetCfg
 .text.USBH_SetFeature
                0x000000000800af1e       0x48 ./Middlewares/ST/STM32_USB_Host_Library/Core/Src/usbh_ctlreq.o
                0x000000000800af1e                USBH_SetFeature
 .text.USBH_ClrFeature
                0x000000000800af66       0x48 ./Middlewares/ST/STM32_USB_Host_Library/Core/Src/usbh_ctlreq.o
                0x000000000800af66                USBH_ClrFeature
 .text.USBH_ParseDevDesc
                0x000000000800afae       0xe0 ./Middlewares/ST/STM32_USB_Host_Library/Core/Src/usbh_ctlreq.o
 .text.USBH_ParseCfgDesc
                0x000000000800b08e      0x144 ./Middlewares/ST/STM32_USB_Host_Library/Core/Src/usbh_ctlreq.o
 .text.USBH_ParseInterfaceDesc
                0x000000000800b1d2       0x5e ./Middlewares/ST/STM32_USB_Host_Library/Core/Src/usbh_ctlreq.o
 .text.USBH_ParseEPDesc
                0x000000000800b230       0x5a ./Middlewares/ST/STM32_USB_Host_Library/Core/Src/usbh_ctlreq.o
 .text.USBH_ParseStringDesc
                0x000000000800b28a       0x66 ./Middlewares/ST/STM32_USB_Host_Library/Core/Src/usbh_ctlreq.o
 .text.USBH_GetNextDesc
                0x000000000800b2f0       0x36 ./Middlewares/ST/STM32_USB_Host_Library/Core/Src/usbh_ctlreq.o
                0x000000000800b2f0                USBH_GetNextDesc
 .text.USBH_CtlReq
                0x000000000800b326       0x7a ./Middlewares/ST/STM32_USB_Host_Library/Core/Src/usbh_ctlreq.o
                0x000000000800b326                USBH_CtlReq
 .text.USBH_HandleControl
                0x000000000800b3a0      0x2e8 ./Middlewares/ST/STM32_USB_Host_Library/Core/Src/usbh_ctlreq.o
 .text.USBH_CtlSendSetup
                0x000000000800b688       0x34 ./Middlewares/ST/STM32_USB_Host_Library/Core/Src/usbh_ioreq.o
                0x000000000800b688                USBH_CtlSendSetup
 .text.USBH_CtlSendData
                0x000000000800b6bc       0x4a ./Middlewares/ST/STM32_USB_Host_Library/Core/Src/usbh_ioreq.o
                0x000000000800b6bc                USBH_CtlSendData
 .text.USBH_CtlReceiveData
                0x000000000800b706       0x3c ./Middlewares/ST/STM32_USB_Host_Library/Core/Src/usbh_ioreq.o
                0x000000000800b706                USBH_CtlReceiveData
 .text.USBH_BulkSendData
                0x000000000800b742       0x4a ./Middlewares/ST/STM32_USB_Host_Library/Core/Src/usbh_ioreq.o
                0x000000000800b742                USBH_BulkSendData
 .text.USBH_BulkReceiveData
                0x000000000800b78c       0x3c ./Middlewares/ST/STM32_USB_Host_Library/Core/Src/usbh_ioreq.o
                0x000000000800b78c                USBH_BulkReceiveData
 .text.USBH_OpenPipe
                0x000000000800b7c8       0x3e ./Middlewares/ST/STM32_USB_Host_Library/Core/Src/usbh_pipes.o
                0x000000000800b7c8                USBH_OpenPipe
 .text.USBH_ClosePipe
                0x000000000800b806       0x20 ./Middlewares/ST/STM32_USB_Host_Library/Core/Src/usbh_pipes.o
                0x000000000800b806                USBH_ClosePipe
 .text.USBH_AllocPipe
                0x000000000800b826       0x42 ./Middlewares/ST/STM32_USB_Host_Library/Core/Src/usbh_pipes.o
                0x000000000800b826                USBH_AllocPipe
 .text.USBH_FreePipe
                0x000000000800b868       0x3c ./Middlewares/ST/STM32_USB_Host_Library/Core/Src/usbh_pipes.o
                0x000000000800b868                USBH_FreePipe
 .text.USBH_GetFreePipe
                0x000000000800b8a4       0x48 ./Middlewares/ST/STM32_USB_Host_Library/Core/Src/usbh_pipes.o
 .text.disk_status
                0x000000000800b8ec       0x34 ./Middlewares/Third_Party/FatFs/src/diskio.o
                0x000000000800b8ec                disk_status
 .text.disk_initialize
                0x000000000800b920       0x4c ./Middlewares/Third_Party/FatFs/src/diskio.o
                0x000000000800b920                disk_initialize
 .text.disk_read
                0x000000000800b96c       0x40 ./Middlewares/Third_Party/FatFs/src/diskio.o
                0x000000000800b96c                disk_read
 .text.disk_write
                0x000000000800b9ac       0x40 ./Middlewares/Third_Party/FatFs/src/diskio.o
                0x000000000800b9ac                disk_write
 .text.disk_ioctl
                0x000000000800b9ec       0x3c ./Middlewares/Third_Party/FatFs/src/diskio.o
                0x000000000800b9ec                disk_ioctl
 .text.ld_word  0x000000000800ba28       0x30 ./Middlewares/Third_Party/FatFs/src/ff.o
 .text.ld_dword
                0x000000000800ba58       0x46 ./Middlewares/Third_Party/FatFs/src/ff.o
 .text.ld_qword
                0x000000000800ba9e      0x176 ./Middlewares/Third_Party/FatFs/src/ff.o
 .text.st_word  0x000000000800bc14       0x36 ./Middlewares/Third_Party/FatFs/src/ff.o
 .text.st_dword
                0x000000000800bc4a       0x58 ./Middlewares/Third_Party/FatFs/src/ff.o
 .text.st_qword
                0x000000000800bca2      0x110 ./Middlewares/Third_Party/FatFs/src/ff.o
 .text.mem_cpy  0x000000000800bdb2       0x42 ./Middlewares/Third_Party/FatFs/src/ff.o
 .text.mem_set  0x000000000800bdf4       0x36 ./Middlewares/Third_Party/FatFs/src/ff.o
 .text.mem_cmp  0x000000000800be2a       0x4e ./Middlewares/Third_Party/FatFs/src/ff.o
 .text.chk_chr  0x000000000800be78       0x36 ./Middlewares/Third_Party/FatFs/src/ff.o
 *fill*         0x000000000800beae        0x2 
 .text.chk_lock
                0x000000000800beb0       0xb8 ./Middlewares/Third_Party/FatFs/src/ff.o
 .text.enq_lock
                0x000000000800bf68       0x44 ./Middlewares/Third_Party/FatFs/src/ff.o
 .text.inc_lock
                0x000000000800bfac      0x11c ./Middlewares/Third_Party/FatFs/src/ff.o
 .text.dec_lock
                0x000000000800c0c8       0x78 ./Middlewares/Third_Party/FatFs/src/ff.o
 .text.clear_lock
                0x000000000800c140       0x48 ./Middlewares/Third_Party/FatFs/src/ff.o
 .text.sync_window
                0x000000000800c188       0x88 ./Middlewares/Third_Party/FatFs/src/ff.o
 .text.move_window
                0x000000000800c210       0x5a ./Middlewares/Third_Party/FatFs/src/ff.o
 *fill*         0x000000000800c26a        0x2 
 .text.sync_fs  0x000000000800c26c       0xe0 ./Middlewares/Third_Party/FatFs/src/ff.o
 .text.clust2sect
                0x000000000800c34c       0x3e ./Middlewares/Third_Party/FatFs/src/ff.o
 *fill*         0x000000000800c38a        0x2 
 .text.get_fat  0x000000000800c38c      0x2a4 ./Middlewares/Third_Party/FatFs/src/ff.o
 .text.put_fat  0x000000000800c630      0x240 ./Middlewares/Third_Party/FatFs/src/ff.o
 .text.find_bitmap
                0x000000000800c870      0x10e ./Middlewares/Third_Party/FatFs/src/ff.o
 .text.change_bitmap
                0x000000000800c97e       0xea ./Middlewares/Third_Party/FatFs/src/ff.o
 .text.fill_first_frag
                0x000000000800ca68       0x5e ./Middlewares/Third_Party/FatFs/src/ff.o
 .text.fill_last_frag
                0x000000000800cac6       0x62 ./Middlewares/Third_Party/FatFs/src/ff.o
 .text.remove_chain
                0x000000000800cb28      0x168 ./Middlewares/Third_Party/FatFs/src/ff.o
 .text.create_chain
                0x000000000800cc90      0x202 ./Middlewares/Third_Party/FatFs/src/ff.o
 .text.clmt_clust
                0x000000000800ce92       0x88 ./Middlewares/Third_Party/FatFs/src/ff.o
 .text.dir_sdi  0x000000000800cf1a      0x128 ./Middlewares/Third_Party/FatFs/src/ff.o
 .text.dir_next
                0x000000000800d042      0x1cc ./Middlewares/Third_Party/FatFs/src/ff.o
 .text.dir_alloc
                0x000000000800d20e       0xb8 ./Middlewares/Third_Party/FatFs/src/ff.o
 .text.ld_clust
                0x000000000800d2c6       0x3e ./Middlewares/Third_Party/FatFs/src/ff.o
 .text.st_clust
                0x000000000800d304       0x40 ./Middlewares/Third_Party/FatFs/src/ff.o
 .text.cmp_lfn  0x000000000800d344       0xe0 ./Middlewares/Third_Party/FatFs/src/ff.o
 .text.pick_lfn
                0x000000000800d424       0xc8 ./Middlewares/Third_Party/FatFs/src/ff.o
 .text.put_lfn  0x000000000800d4ec       0xd0 ./Middlewares/Third_Party/FatFs/src/ff.o
 .text.gen_numname
                0x000000000800d5bc      0x120 ./Middlewares/Third_Party/FatFs/src/ff.o
 .text.sum_sfn  0x000000000800d6dc       0x42 ./Middlewares/Third_Party/FatFs/src/ff.o
 .text.xdir_sum
                0x000000000800d71e       0x66 ./Middlewares/Third_Party/FatFs/src/ff.o
 .text.xname_sum
                0x000000000800d784       0x68 ./Middlewares/Third_Party/FatFs/src/ff.o
 .text.get_xdir_info
                0x000000000800d7ec      0x104 ./Middlewares/Third_Party/FatFs/src/ff.o
 .text.load_xdir
                0x000000000800d8f0      0x17c ./Middlewares/Third_Party/FatFs/src/ff.o
 .text.load_obj_dir
                0x000000000800da6c       0x76 ./Middlewares/Third_Party/FatFs/src/ff.o
 .text.store_xdir
                0x000000000800dae2       0xb6 ./Middlewares/Third_Party/FatFs/src/ff.o
 .text.create_xdir
                0x000000000800db98       0xce ./Middlewares/Third_Party/FatFs/src/ff.o
 .text.dir_read
                0x000000000800dc66      0x18e ./Middlewares/Third_Party/FatFs/src/ff.o
 .text.dir_find
                0x000000000800ddf4      0x252 ./Middlewares/Third_Party/FatFs/src/ff.o
 *fill*         0x000000000800e046        0x2 
 .text.dir_register
                0x000000000800e048      0x34c ./Middlewares/Third_Party/FatFs/src/ff.o
 .text.get_fileinfo
                0x000000000800e394      0x1d8 ./Middlewares/Third_Party/FatFs/src/ff.o
 .text.create_name
                0x000000000800e56c      0x370 ./Middlewares/Third_Party/FatFs/src/ff.o
 .text.follow_path
                0x000000000800e8dc      0x15c ./Middlewares/Third_Party/FatFs/src/ff.o
 .text.get_ldnumber
                0x000000000800ea38       0x88 ./Middlewares/Third_Party/FatFs/src/ff.o
 .text.check_fs
                0x000000000800eac0       0xc8 ./Middlewares/Third_Party/FatFs/src/ff.o
 .text.find_volume
                0x000000000800eb88      0x70c ./Middlewares/Third_Party/FatFs/src/ff.o
 .text.validate
                0x000000000800f294       0x6a ./Middlewares/Third_Party/FatFs/src/ff.o
 *fill*         0x000000000800f2fe        0x2 
 .text.f_mount  0x000000000800f300       0x8c ./Middlewares/Third_Party/FatFs/src/ff.o
                0x000000000800f300                f_mount
 .text.f_open   0x000000000800f38c      0x6f4 ./Middlewares/Third_Party/FatFs/src/ff.o
                0x000000000800f38c                f_open
 .text.f_read   0x000000000800fa80      0x318 ./Middlewares/Third_Party/FatFs/src/ff.o
                0x000000000800fa80                f_read
 .text.f_sync   0x000000000800fd98      0x2b8 ./Middlewares/Third_Party/FatFs/src/ff.o
                0x000000000800fd98                f_sync
 .text.f_close  0x0000000008010050       0x54 ./Middlewares/Third_Party/FatFs/src/ff.o
                0x0000000008010050                f_close
 .text.f_opendir
                0x00000000080100a4      0x1d0 ./Middlewares/Third_Party/FatFs/src/ff.o
                0x00000000080100a4                f_opendir
 .text.f_readdir
                0x0000000008010274       0xba ./Middlewares/Third_Party/FatFs/src/ff.o
                0x0000000008010274                f_readdir
 *fill*         0x000000000801032e        0x2 
 .text.FATFS_LinkDriverEx
                0x0000000008010330       0x98 ./Middlewares/Third_Party/FatFs/src/ff_gen_drv.o
                0x0000000008010330                FATFS_LinkDriverEx
 .text.FATFS_LinkDriver
                0x00000000080103c8       0x1e ./Middlewares/Third_Party/FatFs/src/ff_gen_drv.o
                0x00000000080103c8                FATFS_LinkDriver
 *fill*         0x00000000080103e6        0x2 
 .text.ff_convert
                0x00000000080103e8       0x78 ./Middlewares/Third_Party/FatFs/src/option/ccsbcs.o
                0x00000000080103e8                ff_convert
 .text.ff_wtoupper
                0x0000000008010460      0x114 ./Middlewares/Third_Party/FatFs/src/option/ccsbcs.o
                0x0000000008010460                ff_wtoupper
 .text.MX_USB_HOST_Init
                0x0000000008010574       0x4c ./USB_HOST/App/usb_host.o
                0x0000000008010574                MX_USB_HOST_Init
 .text.MX_USB_HOST_Process
                0x00000000080105c0       0x14 ./USB_HOST/App/usb_host.o
                0x00000000080105c0                MX_USB_HOST_Process
 .text.USBH_UserProcess
                0x00000000080105d4       0x5c ./USB_HOST/App/usb_host.o
 .text.HAL_HCD_MspInit
                0x0000000008010630       0xa8 ./USB_HOST/Target/usbh_conf.o
                0x0000000008010630                HAL_HCD_MspInit
 .text.HAL_HCD_SOF_Callback
                0x00000000080106d8       0x1c ./USB_HOST/Target/usbh_conf.o
                0x00000000080106d8                HAL_HCD_SOF_Callback
 .text.HAL_HCD_Connect_Callback
                0x00000000080106f4       0x1c ./USB_HOST/Target/usbh_conf.o
                0x00000000080106f4                HAL_HCD_Connect_Callback
 .text.HAL_HCD_Disconnect_Callback
                0x0000000008010710       0x1c ./USB_HOST/Target/usbh_conf.o
                0x0000000008010710                HAL_HCD_Disconnect_Callback
 .text.HAL_HCD_HC_NotifyURBChange_Callback
                0x000000000801072c       0x1c ./USB_HOST/Target/usbh_conf.o
                0x000000000801072c                HAL_HCD_HC_NotifyURBChange_Callback
 .text.HAL_HCD_PortEnabled_Callback
                0x0000000008010748       0x1c ./USB_HOST/Target/usbh_conf.o
                0x0000000008010748                HAL_HCD_PortEnabled_Callback
 .text.HAL_HCD_PortDisabled_Callback
                0x0000000008010764       0x1c ./USB_HOST/Target/usbh_conf.o
                0x0000000008010764                HAL_HCD_PortDisabled_Callback
 .text.USBH_LL_Init
                0x0000000008010780       0x78 ./USB_HOST/Target/usbh_conf.o
                0x0000000008010780                USBH_LL_Init
 .text.USBH_LL_Start
                0x00000000080107f8       0x36 ./USB_HOST/Target/usbh_conf.o
                0x00000000080107f8                USBH_LL_Start
 .text.USBH_LL_Stop
                0x000000000801082e       0x36 ./USB_HOST/Target/usbh_conf.o
                0x000000000801082e                USBH_LL_Stop
 .text.USBH_LL_GetSpeed
                0x0000000008010864       0x4e ./USB_HOST/Target/usbh_conf.o
                0x0000000008010864                USBH_LL_GetSpeed
 .text.USBH_LL_ResetPort
                0x00000000080108b2       0x36 ./USB_HOST/Target/usbh_conf.o
                0x00000000080108b2                USBH_LL_ResetPort
 .text.USBH_LL_GetLastXferSize
                0x00000000080108e8       0x26 ./USB_HOST/Target/usbh_conf.o
                0x00000000080108e8                USBH_LL_GetLastXferSize
 .text.USBH_LL_OpenPipe
                0x000000000801090e       0x5e ./USB_HOST/Target/usbh_conf.o
                0x000000000801090e                USBH_LL_OpenPipe
 .text.USBH_LL_ClosePipe
                0x000000000801096c       0x3e ./USB_HOST/Target/usbh_conf.o
                0x000000000801096c                USBH_LL_ClosePipe
 .text.USBH_LL_SubmitURB
                0x00000000080109aa       0x62 ./USB_HOST/Target/usbh_conf.o
                0x00000000080109aa                USBH_LL_SubmitURB
 .text.USBH_LL_GetURBState
                0x0000000008010a0c       0x26 ./USB_HOST/Target/usbh_conf.o
                0x0000000008010a0c                USBH_LL_GetURBState
 .text.USBH_LL_DriverVBUS
                0x0000000008010a32       0x2e ./USB_HOST/Target/usbh_conf.o
                0x0000000008010a32                USBH_LL_DriverVBUS
 .text.USBH_LL_SetToggle
                0x0000000008010a60       0x60 ./USB_HOST/Target/usbh_conf.o
                0x0000000008010a60                USBH_LL_SetToggle
 .text.USBH_LL_GetToggle
                0x0000000008010ac0       0x60 ./USB_HOST/Target/usbh_conf.o
                0x0000000008010ac0                USBH_LL_GetToggle
 .text.USBH_Delay
                0x0000000008010b20       0x16 ./USB_HOST/Target/usbh_conf.o
                0x0000000008010b20                USBH_Delay
 *fill*         0x0000000008010b36        0x2 
 .text.USBH_Get_USB_Status
                0x0000000008010b38       0x58 ./USB_HOST/Target/usbh_conf.o
                0x0000000008010b38                USBH_Get_USB_Status
 .text.MX_DriverVbusFS
                0x0000000008010b90       0x38 ./USB_HOST/Target/usbh_platform.o
                0x0000000008010b90                MX_DriverVbusFS
 .text.__errno  0x0000000008010bc8        0xc c:/st/stm32cubeide_1.6.1/stm32cubeide/plugins/com.st.stm32cube.ide.mcu.externaltools.gnu-tools-for-stm32.9-2020-q2-update.win32_2.0.0.202105311346/tools/bin/../lib/gcc/arm-none-eabi/9.3.1/../../../../arm-none-eabi/lib/thumb/v7e-m+fp/hard\libc_nano.a(lib_a-errno.o)
                0x0000000008010bc8                __errno
 .text.__libc_init_array
                0x0000000008010bd4       0x48 c:/st/stm32cubeide_1.6.1/stm32cubeide/plugins/com.st.stm32cube.ide.mcu.externaltools.gnu-tools-for-stm32.9-2020-q2-update.win32_2.0.0.202105311346/tools/bin/../lib/gcc/arm-none-eabi/9.3.1/../../../../arm-none-eabi/lib/thumb/v7e-m+fp/hard\libc_nano.a(lib_a-init.o)
                0x0000000008010bd4                __libc_init_array
 .text.malloc   0x0000000008010c1c       0x10 c:/st/stm32cubeide_1.6.1/stm32cubeide/plugins/com.st.stm32cube.ide.mcu.externaltools.gnu-tools-for-stm32.9-2020-q2-update.win32_2.0.0.202105311346/tools/bin/../lib/gcc/arm-none-eabi/9.3.1/../../../../arm-none-eabi/lib/thumb/v7e-m+fp/hard\libc_nano.a(lib_a-malloc.o)
                0x0000000008010c1c                malloc
 .text.free     0x0000000008010c2c       0x10 c:/st/stm32cubeide_1.6.1/stm32cubeide/plugins/com.st.stm32cube.ide.mcu.externaltools.gnu-tools-for-stm32.9-2020-q2-update.win32_2.0.0.202105311346/tools/bin/../lib/gcc/arm-none-eabi/9.3.1/../../../../arm-none-eabi/lib/thumb/v7e-m+fp/hard\libc_nano.a(lib_a-malloc.o)
                0x0000000008010c2c                free
 .text.memcpy   0x0000000008010c3c       0x1c c:/st/stm32cubeide_1.6.1/stm32cubeide/plugins/com.st.stm32cube.ide.mcu.externaltools.gnu-tools-for-stm32.9-2020-q2-update.win32_2.0.0.202105311346/tools/bin/../lib/gcc/arm-none-eabi/9.3.1/../../../../arm-none-eabi/lib/thumb/v7e-m+fp/hard\libc_nano.a(lib_a-memcpy-stub.o)
                0x0000000008010c3c                memcpy
 .text.memset   0x0000000008010c58       0x10 c:/st/stm32cubeide_1.6.1/stm32cubeide/plugins/com.st.stm32cube.ide.mcu.externaltools.gnu-tools-for-stm32.9-2020-q2-update.win32_2.0.0.202105311346/tools/bin/../lib/gcc/arm-none-eabi/9.3.1/../../../../arm-none-eabi/lib/thumb/v7e-m+fp/hard\libc_nano.a(lib_a-memset.o)
                0x0000000008010c58                memset
 .text._free_r  0x0000000008010c68       0xa0 c:/st/stm32cubeide_1.6.1/stm32cubeide/plugins/com.st.stm32cube.ide.mcu.externaltools.gnu-tools-for-stm32.9-2020-q2-update.win32_2.0.0.202105311346/tools/bin/../lib/gcc/arm-none-eabi/9.3.1/../../../../arm-none-eabi/lib/thumb/v7e-m+fp/hard\libc_nano.a(lib_a-nano-freer.o)
                0x0000000008010c68                _free_r
 .text._malloc_r
                0x0000000008010d08       0xb4 c:/st/stm32cubeide_1.6.1/stm32cubeide/plugins/com.st.stm32cube.ide.mcu.externaltools.gnu-tools-for-stm32.9-2020-q2-update.win32_2.0.0.202105311346/tools/bin/../lib/gcc/arm-none-eabi/9.3.1/../../../../arm-none-eabi/lib/thumb/v7e-m+fp/hard\libc_nano.a(lib_a-nano-mallocr.o)
                0x0000000008010d08                _malloc_r
 .text.realloc  0x0000000008010dbc       0x10 c:/st/stm32cubeide_1.6.1/stm32cubeide/plugins/com.st.stm32cube.ide.mcu.externaltools.gnu-tools-for-stm32.9-2020-q2-update.win32_2.0.0.202105311346/tools/bin/../lib/gcc/arm-none-eabi/9.3.1/../../../../arm-none-eabi/lib/thumb/v7e-m+fp/hard\libc_nano.a(lib_a-realloc.o)
                0x0000000008010dbc                realloc
 .text._sbrk_r  0x0000000008010dcc       0x20 c:/st/stm32cubeide_1.6.1/stm32cubeide/plugins/com.st.stm32cube.ide.mcu.externaltools.gnu-tools-for-stm32.9-2020-q2-update.win32_2.0.0.202105311346/tools/bin/../lib/gcc/arm-none-eabi/9.3.1/../../../../arm-none-eabi/lib/thumb/v7e-m+fp/hard\libc_nano.a(lib_a-sbrkr.o)
                0x0000000008010dcc                _sbrk_r
 .text.strcpy   0x0000000008010dec       0x10 c:/st/stm32cubeide_1.6.1/stm32cubeide/plugins/com.st.stm32cube.ide.mcu.externaltools.gnu-tools-for-stm32.9-2020-q2-update.win32_2.0.0.202105311346/tools/bin/../lib/gcc/arm-none-eabi/9.3.1/../../../../arm-none-eabi/lib/thumb/v7e-m+fp/hard\libc_nano.a(lib_a-strcpy.o)
                0x0000000008010dec                strcpy
 .text.__malloc_lock
                0x0000000008010dfc        0xc c:/st/stm32cubeide_1.6.1/stm32cubeide/plugins/com.st.stm32cube.ide.mcu.externaltools.gnu-tools-for-stm32.9-2020-q2-update.win32_2.0.0.202105311346/tools/bin/../lib/gcc/arm-none-eabi/9.3.1/../../../../arm-none-eabi/lib/thumb/v7e-m+fp/hard\libc_nano.a(lib_a-mlock.o)
                0x0000000008010dfc                __malloc_lock
 .text.__malloc_unlock
                0x0000000008010e08        0xc c:/st/stm32cubeide_1.6.1/stm32cubeide/plugins/com.st.stm32cube.ide.mcu.externaltools.gnu-tools-for-stm32.9-2020-q2-update.win32_2.0.0.202105311346/tools/bin/../lib/gcc/arm-none-eabi/9.3.1/../../../../arm-none-eabi/lib/thumb/v7e-m+fp/hard\libc_nano.a(lib_a-mlock.o)
                0x0000000008010e08                __malloc_unlock
 .text._realloc_r
                0x0000000008010e14       0x4c c:/st/stm32cubeide_1.6.1/stm32cubeide/plugins/com.st.stm32cube.ide.mcu.externaltools.gnu-tools-for-stm32.9-2020-q2-update.win32_2.0.0.202105311346/tools/bin/../lib/gcc/arm-none-eabi/9.3.1/../../../../arm-none-eabi/lib/thumb/v7e-m+fp/hard\libc_nano.a(lib_a-nano-reallocr.o)
                0x0000000008010e14                _realloc_r
 .text.__retarget_lock_acquire_recursive
                0x0000000008010e60        0x2 c:/st/stm32cubeide_1.6.1/stm32cubeide/plugins/com.st.stm32cube.ide.mcu.externaltools.gnu-tools-for-stm32.9-2020-q2-update.win32_2.0.0.202105311346/tools/bin/../lib/gcc/arm-none-eabi/9.3.1/../../../../arm-none-eabi/lib/thumb/v7e-m+fp/hard\libc_nano.a(lib_a-lock.o)
                0x0000000008010e60                __retarget_lock_acquire_recursive
 .text.__retarget_lock_release_recursive
                0x0000000008010e62        0x2 c:/st/stm32cubeide_1.6.1/stm32cubeide/plugins/com.st.stm32cube.ide.mcu.externaltools.gnu-tools-for-stm32.9-2020-q2-update.win32_2.0.0.202105311346/tools/bin/../lib/gcc/arm-none-eabi/9.3.1/../../../../arm-none-eabi/lib/thumb/v7e-m+fp/hard\libc_nano.a(lib_a-lock.o)
                0x0000000008010e62                __retarget_lock_release_recursive
 .text._malloc_usable_size_r
                0x0000000008010e64       0x10 c:/st/stm32cubeide_1.6.1/stm32cubeide/plugins/com.st.stm32cube.ide.mcu.externaltools.gnu-tools-for-stm32.9-2020-q2-update.win32_2.0.0.202105311346/tools/bin/../lib/gcc/arm-none-eabi/9.3.1/../../../../arm-none-eabi/lib/thumb/v7e-m+fp/hard\libc_nano.a(lib_a-nano-msizer.o)
                0x0000000008010e64                _malloc_usable_size_r
 *(.glue_7)
 .glue_7        0x0000000008010e74        0x0 linker stubs
 *(.glue_7t)
 .glue_7t       0x0000000008010e74        0x0 linker stubs
 *(.eh_frame)
 .eh_frame      0x0000000008010e74        0x0 c:/st/stm32cubeide_1.6.1/stm32cubeide/plugins/com.st.stm32cube.ide.mcu.externaltools.gnu-tools-for-stm32.9-2020-q2-update.win32_2.0.0.202105311346/tools/bin/../lib/gcc/arm-none-eabi/9.3.1/thumb/v7e-m+fp/hard/crtbegin.o
 *(.init)
 .init          0x0000000008010e74        0x4 c:/st/stm32cubeide_1.6.1/stm32cubeide/plugins/com.st.stm32cube.ide.mcu.externaltools.gnu-tools-for-stm32.9-2020-q2-update.win32_2.0.0.202105311346/tools/bin/../lib/gcc/arm-none-eabi/9.3.1/thumb/v7e-m+fp/hard/crti.o
                0x0000000008010e74                _init
 .init          0x0000000008010e78        0x8 c:/st/stm32cubeide_1.6.1/stm32cubeide/plugins/com.st.stm32cube.ide.mcu.externaltools.gnu-tools-for-stm32.9-2020-q2-update.win32_2.0.0.202105311346/tools/bin/../lib/gcc/arm-none-eabi/9.3.1/thumb/v7e-m+fp/hard/crtn.o
 *(.fini)
 .fini          0x0000000008010e80        0x4 c:/st/stm32cubeide_1.6.1/stm32cubeide/plugins/com.st.stm32cube.ide.mcu.externaltools.gnu-tools-for-stm32.9-2020-q2-update.win32_2.0.0.202105311346/tools/bin/../lib/gcc/arm-none-eabi/9.3.1/thumb/v7e-m+fp/hard/crti.o
                0x0000000008010e80                _fini
 .fini          0x0000000008010e84        0x8 c:/st/stm32cubeide_1.6.1/stm32cubeide/plugins/com.st.stm32cube.ide.mcu.externaltools.gnu-tools-for-stm32.9-2020-q2-update.win32_2.0.0.202105311346/tools/bin/../lib/gcc/arm-none-eabi/9.3.1/thumb/v7e-m+fp/hard/crtn.o
                0x0000000008010e8c                . = ALIGN (0x4)
                0x0000000008010e8c                _etext = .

.vfp11_veneer   0x0000000008010e8c        0x0
 .vfp11_veneer  0x0000000008010e8c        0x0 linker stubs

.v4_bx          0x0000000008010e8c        0x0
 .v4_bx         0x0000000008010e8c        0x0 linker stubs

.iplt           0x0000000008010e8c        0x0
 .iplt          0x0000000008010e8c        0x0 c:/st/stm32cubeide_1.6.1/stm32cubeide/plugins/com.st.stm32cube.ide.mcu.externaltools.gnu-tools-for-stm32.9-2020-q2-update.win32_2.0.0.202105311346/tools/bin/../lib/gcc/arm-none-eabi/9.3.1/thumb/v7e-m+fp/hard/crtbegin.o

.rodata         0x0000000008010e8c     0x31c4
                0x0000000008010e8c                . = ALIGN (0x4)
 *(.rodata)
 .rodata        0x0000000008010e8c      0x4ae ./Core/Src/File_Handling.o
 *fill*         0x000000000801133a        0x2 
 .rodata        0x000000000801133c       0x33 ./Core/Src/main.o
 *fill*         0x000000000801136f        0x1 
 .rodata        0x0000000008011370        0x4 ./Middlewares/ST/STM32_USB_Host_Library/Class/MSC/Src/usbh_msc.o
 .rodata        0x0000000008011374       0x54 ./Middlewares/Third_Party/FatFs/src/ff.o
 *(.rodata*)
 .rodata.Font7x10
                0x00000000080113c8      0x76c ./Core/Src/fonts.o
                0x00000000080113c8                Font7x10
 .rodata.Font11x18
                0x0000000008011b34      0xd5c ./Core/Src/fonts.o
                0x0000000008011b34                Font11x18
 .rodata.Font16x26
                0x0000000008012890     0x134c ./Core/Src/fonts.o
                0x0000000008012890                Font16x26
 .rodata.AHBPrescTable
                0x0000000008013bdc       0x10 ./Core/Src/system_stm32f4xx.o
                0x0000000008013bdc                AHBPrescTable
 .rodata.APBPrescTable
                0x0000000008013bec        0x8 ./Core/Src/system_stm32f4xx.o
                0x0000000008013bec                APBPrescTable
 .rodata.flagBitshiftOffset.9113
                0x0000000008013bf4        0x8 ./Drivers/STM32F4xx_HAL_Driver/Src/stm32f4xx_hal_dma.o
 .rodata.USBH_Driver
                0x0000000008013bfc       0x14 ./FATFS/Target/usbh_diskio.o
                0x0000000008013bfc                USBH_Driver
 .rodata.ExCvt  0x0000000008013c10       0x80 ./Middlewares/Third_Party/FatFs/src/ff.o
 .rodata.LfnOfs
                0x0000000008013c90        0xd ./Middlewares/Third_Party/FatFs/src/ff.o
 *fill*         0x0000000008013c9d        0x3 
 .rodata.Tbl    0x0000000008013ca0      0x100 ./Middlewares/Third_Party/FatFs/src/option/ccsbcs.o
 .rodata.cvt1.11470
                0x0000000008013da0      0x1f2 ./Middlewares/Third_Party/FatFs/src/option/ccsbcs.o
 *fill*         0x0000000008013f92        0x2 
 .rodata.cvt2.11471
                0x0000000008013f94       0xbc ./Middlewares/Third_Party/FatFs/src/option/ccsbcs.o
                0x0000000008014050                . = ALIGN (0x4)

.ARM.extab      0x0000000008014050        0x0
                0x0000000008014050                . = ALIGN (0x4)
 *(.ARM.extab* .gnu.linkonce.armextab.*)
                0x0000000008014050                . = ALIGN (0x4)

.ARM            0x0000000008014050        0x8
                0x0000000008014050                . = ALIGN (0x4)
                0x0000000008014050                __exidx_start = .
 *(.ARM.exidx*)
 .ARM.exidx     0x0000000008014050        0x8 c:/st/stm32cubeide_1.6.1/stm32cubeide/plugins/com.st.stm32cube.ide.mcu.externaltools.gnu-tools-for-stm32.9-2020-q2-update.win32_2.0.0.202105311346/tools/bin/../lib/gcc/arm-none-eabi/9.3.1/thumb/v7e-m+fp/hard\libgcc.a(_udivmoddi4.o)
                0x0000000008014058                __exidx_end = .
                0x0000000008014058                . = ALIGN (0x4)

.rel.dyn        0x0000000008014058        0x0
 .rel.iplt      0x0000000008014058        0x0 c:/st/stm32cubeide_1.6.1/stm32cubeide/plugins/com.st.stm32cube.ide.mcu.externaltools.gnu-tools-for-stm32.9-2020-q2-update.win32_2.0.0.202105311346/tools/bin/../lib/gcc/arm-none-eabi/9.3.1/thumb/v7e-m+fp/hard/crtbegin.o

.preinit_array  0x0000000008014058        0x0
                0x0000000008014058                . = ALIGN (0x4)
                0x0000000008014058                PROVIDE (__preinit_array_start = .)
 *(.preinit_array*)
                0x0000000008014058                PROVIDE (__preinit_array_end = .)
                0x0000000008014058                . = ALIGN (0x4)

.init_array     0x0000000008014058        0x4
                0x0000000008014058                . = ALIGN (0x4)
                0x0000000008014058                PROVIDE (__init_array_start = .)
 *(SORT_BY_NAME(.init_array.*))
 *(.init_array*)
 .init_array    0x0000000008014058        0x4 c:/st/stm32cubeide_1.6.1/stm32cubeide/plugins/com.st.stm32cube.ide.mcu.externaltools.gnu-tools-for-stm32.9-2020-q2-update.win32_2.0.0.202105311346/tools/bin/../lib/gcc/arm-none-eabi/9.3.1/thumb/v7e-m+fp/hard/crtbegin.o
                0x000000000801405c                PROVIDE (__init_array_end = .)
                0x000000000801405c                . = ALIGN (0x4)

.fini_array     0x000000000801405c        0x4
                0x000000000801405c                . = ALIGN (0x4)
                [!provide]                        PROVIDE (__fini_array_start = .)
 *(SORT_BY_NAME(.fini_array.*))
 *(.fini_array*)
 .fini_array    0x000000000801405c        0x4 c:/st/stm32cubeide_1.6.1/stm32cubeide/plugins/com.st.stm32cube.ide.mcu.externaltools.gnu-tools-for-stm32.9-2020-q2-update.win32_2.0.0.202105311346/tools/bin/../lib/gcc/arm-none-eabi/9.3.1/thumb/v7e-m+fp/hard/crtbegin.o
                [!provide]                        PROVIDE (__fini_array_end = .)
                0x0000000008014060                . = ALIGN (0x4)
                0x0000000008014060                _sidata = LOADADDR (.data)

.data           0x0000000020000000       0xa8 load address 0x0000000008014060
                0x0000000020000000                . = ALIGN (0x4)
                0x0000000020000000                _sdata = .
 *(.data)
 *(.data*)
 .data.Font_7x10
                0x0000000020000000        0x8 ./Core/Src/fonts.o
                0x0000000020000000                Font_7x10
 .data.Font_11x18
                0x0000000020000008        0x8 ./Core/Src/fonts.o
                0x0000000020000008                Font_11x18
 .data.Font_16x26
                0x0000000020000010        0x8 ./Core/Src/fonts.o
                0x0000000020000010                Font_16x26
 .data.SystemCoreClock
                0x0000000020000018        0x4 ./Core/Src/system_stm32f4xx.o
                0x0000000020000018                SystemCoreClock
 .data.uwTickPrio
                0x000000002000001c        0x4 ./Drivers/STM32F4xx_HAL_Driver/Src/stm32f4xx_hal.o
                0x000000002000001c                uwTickPrio
 .data.uwTickFreq
                0x0000000020000020        0x1 ./Drivers/STM32F4xx_HAL_Driver/Src/stm32f4xx_hal.o
                0x0000000020000020                uwTickFreq
 *fill*         0x0000000020000021        0x3 
 .data.USBH_msc
                0x0000000020000024       0x20 ./Middlewares/ST/STM32_USB_Host_Library/Class/MSC/Src/usbh_msc.o
                0x0000000020000024                USBH_msc
 .data._impure_ptr
                0x0000000020000044        0x4 c:/st/stm32cubeide_1.6.1/stm32cubeide/plugins/com.st.stm32cube.ide.mcu.externaltools.gnu-tools-for-stm32.9-2020-q2-update.win32_2.0.0.202105311346/tools/bin/../lib/gcc/arm-none-eabi/9.3.1/../../../../arm-none-eabi/lib/thumb/v7e-m+fp/hard\libc_nano.a(lib_a-impure.o)
                0x0000000020000044                _impure_ptr
 .data.impure_data
                0x0000000020000048       0x60 c:/st/stm32cubeide_1.6.1/stm32cubeide/plugins/com.st.stm32cube.ide.mcu.externaltools.gnu-tools-for-stm32.9-2020-q2-update.win32_2.0.0.202105311346/tools/bin/../lib/gcc/arm-none-eabi/9.3.1/../../../../arm-none-eabi/lib/thumb/v7e-m+fp/hard\libc_nano.a(lib_a-impure.o)
 *(.RamFunc)
 *(.RamFunc*)
                0x00000000200000a8                . = ALIGN (0x4)
                0x00000000200000a8                _edata = .
                0x0000000008014108                _siccmram = LOADADDR (.ccmram)

.igot.plt       0x00000000200000a8        0x0 load address 0x0000000008014108
 .igot.plt      0x00000000200000a8        0x0 c:/st/stm32cubeide_1.6.1/stm32cubeide/plugins/com.st.stm32cube.ide.mcu.externaltools.gnu-tools-for-stm32.9-2020-q2-update.win32_2.0.0.202105311346/tools/bin/../lib/gcc/arm-none-eabi/9.3.1/thumb/v7e-m+fp/hard/crtbegin.o

.ccmram         0x0000000010000000        0x0 load address 0x0000000008014108
                0x0000000010000000                . = ALIGN (0x4)
                0x0000000010000000                _sccmram = .
 *(.ccmram)
 *(.ccmram*)
                0x0000000010000000                . = ALIGN (0x4)
                0x0000000010000000                _eccmram = .
                0x0000000010000000                . = ALIGN (0x4)

.bss            0x00000000200000a8     0x5f2c
                0x00000000200000a8                _sbss = .
                0x00000000200000a8                __bss_start__ = _sbss
 *(.bss)
 .bss           0x00000000200000a8       0x1c c:/st/stm32cubeide_1.6.1/stm32cubeide/plugins/com.st.stm32cube.ide.mcu.externaltools.gnu-tools-for-stm32.9-2020-q2-update.win32_2.0.0.202105311346/tools/bin/../lib/gcc/arm-none-eabi/9.3.1/thumb/v7e-m+fp/hard/crtbegin.o
 *(.bss*)
 .bss.IndexFile
                0x00000000200000c4        0x4 ./Core/Src/main.o
                0x00000000200000c4                IndexFile
 .bss.file      0x00000000200000c8        0x4 ./Core/Src/main.o
                0x00000000200000c8                file
 .bss.SSD1306_Buffer
                0x00000000200000cc      0x400 ./Core/Src/ssd1306.o
 .bss.SSD1306   0x00000000200004cc        0x6 ./Core/Src/ssd1306.o
 *fill*         0x00000000200004d2        0x2 
 .bss.__sbrk_heap_end
                0x00000000200004d4        0x4 ./Core/Src/sysmem.o
 .bss.FatFs     0x00000000200004d8        0x4 ./Middlewares/Third_Party/FatFs/src/ff.o
 .bss.Fsid      0x00000000200004dc        0x2 ./Middlewares/Third_Party/FatFs/src/ff.o
 *fill*         0x00000000200004de        0x2 
 .bss.Files     0x00000000200004e0       0x20 ./Middlewares/Third_Party/FatFs/src/ff.o
 .bss.disk      0x0000000020000500        0xc ./Middlewares/Third_Party/FatFs/src/ff_gen_drv.o
                0x0000000020000500                disk
 .bss.Appli_state
                0x000000002000050c        0x1 ./USB_HOST/App/usb_host.o
                0x000000002000050c                Appli_state
 *fill*         0x000000002000050d        0x3 
 .bss.__malloc_free_list
                0x0000000020000510        0x4 c:/st/stm32cubeide_1.6.1/stm32cubeide/plugins/com.st.stm32cube.ide.mcu.externaltools.gnu-tools-for-stm32.9-2020-q2-update.win32_2.0.0.202105311346/tools/bin/../lib/gcc/arm-none-eabi/9.3.1/../../../../arm-none-eabi/lib/thumb/v7e-m+fp/hard\libc_nano.a(lib_a-nano-mallocr.o)
                0x0000000020000510                __malloc_free_list
 .bss.__malloc_sbrk_start
                0x0000000020000514        0x4 c:/st/stm32cubeide_1.6.1/stm32cubeide/plugins/com.st.stm32cube.ide.mcu.externaltools.gnu-tools-for-stm32.9-2020-q2-update.win32_2.0.0.202105311346/tools/bin/../lib/gcc/arm-none-eabi/9.3.1/../../../../arm-none-eabi/lib/thumb/v7e-m+fp/hard\libc_nano.a(lib_a-nano-mallocr.o)
                0x0000000020000514                __malloc_sbrk_start
 *(COMMON)
 COMMON         0x0000000020000518     0x113c ./Core/Src/File_Handling.o
                0x0000000020000518                fre_clust
                0x000000002000051c                br
                0x0000000020000520                pUSBHFatFS
                0x0000000020000524                free_space
                0x0000000020000528                bw
                0x000000002000052c                fresult
                0x0000000020000530                USBHfno
                0x0000000020000650                total
                0x0000000020000654                work
 *fill*         0x0000000020001654        0x4 
 COMMON         0x0000000020001658     0x21a4 ./Core/Src/main.o
                0x0000000020001658                PlayState
                0x000000002000165c                hi2c1
                0x00000000200016b0                i
                0x00000000200016b4                huart1
                0x00000000200016f8                data
                0x000000002000175c                I2SDMAState
                0x0000000020001760                dir
                0x00000000200017b0                FileArray
                0x00000000200017b4                Buffer
                0x0000000020003754                hdma_spi2_tx
                0x00000000200037b4                hi2s2
 COMMON         0x00000000200037fc       0x48 ./Core/Src/stm32f4xx_hal_timebase_tim.o
                0x00000000200037fc                htim1
 COMMON         0x0000000020003844        0x4 ./Drivers/STM32F4xx_HAL_Driver/Src/stm32f4xx_hal.o
                0x0000000020003844                uwTick
 COMMON         0x0000000020003848     0x209d ./FATFS/App/fatfs.o
                0x0000000020003848                USBHPath
                0x0000000020003850                USBHFile
                0x00000000200048a8                USBHFatFS
                0x00000000200058e4                retUSBH
 *fill*         0x00000000200058e5        0x3 
 COMMON         0x00000000200058e8      0x3d8 ./USB_HOST/App/usb_host.o
                0x00000000200058e8                hUsbHostFS
 COMMON         0x0000000020005cc0      0x304 ./USB_HOST/Target/usbh_conf.o
                0x0000000020005cc0                hhcd_USB_OTG_FS
 COMMON         0x0000000020005fc4        0x4 c:/st/stm32cubeide_1.6.1/stm32cubeide/plugins/com.st.stm32cube.ide.mcu.externaltools.gnu-tools-for-stm32.9-2020-q2-update.win32_2.0.0.202105311346/tools/bin/../lib/gcc/arm-none-eabi/9.3.1/../../../../arm-none-eabi/lib/thumb/v7e-m+fp/hard\libc_nano.a(lib_a-reent.o)
                0x0000000020005fc4                errno
 COMMON         0x0000000020005fc8        0x9 c:/st/stm32cubeide_1.6.1/stm32cubeide/plugins/com.st.stm32cube.ide.mcu.externaltools.gnu-tools-for-stm32.9-2020-q2-update.win32_2.0.0.202105311346/tools/bin/../lib/gcc/arm-none-eabi/9.3.1/../../../../arm-none-eabi/lib/thumb/v7e-m+fp/hard\libc_nano.a(lib_a-lock.o)
                0x0000000020005fc8                __lock___atexit_recursive_mutex
                0x0000000020005fc9                __lock___arc4random_mutex
                0x0000000020005fca                __lock___env_recursive_mutex
                0x0000000020005fcb                __lock___sinit_recursive_mutex
                0x0000000020005fcc                __lock___malloc_recursive_mutex
                0x0000000020005fcd                __lock___at_quick_exit_mutex
                0x0000000020005fce                __lock___dd_hash_mutex
                0x0000000020005fcf                __lock___tz_mutex
                0x0000000020005fd0                __lock___sfp_recursive_mutex
                0x0000000020005fd4                . = ALIGN (0x4)
 *fill*         0x0000000020005fd1        0x3 
                0x0000000020005fd4                _ebss = .
                0x0000000020005fd4                __bss_end__ = _ebss

._user_heap_stack
                0x0000000020005fd4     0x6004
                0x0000000020005fd8                . = ALIGN (0x8)
 *fill*         0x0000000020005fd4        0x4 
                [!provide]                        PROVIDE (end = .)
                0x0000000020005fd8                PROVIDE (_end = .)
                0x0000000020007fd8                . = (. + _Min_Heap_Size)
 *fill*         0x0000000020005fd8     0x2000 
                0x000000002000bfd8                . = (. + _Min_Stack_Size)
 *fill*         0x0000000020007fd8     0x4000 
                0x000000002000bfd8                . = ALIGN (0x8)

/DISCARD/
 libc.a(*)
 libm.a(*)
 libgcc.a(*)

.ARM.attributes
                0x0000000000000000       0x30
 *(.ARM.attributes)
 .ARM.attributes