main.c:123:5:main	16	static
main.c:279:6:SystemClock_Config	88	static
main.c:323:13:MX_I2C1_Init	8	static
main.c:369:13:MX_I2S2_Init	16	static
main.c:403:13:MX_USART1_UART_Init	8	static
main.c:434:13:MX_DMA_Init	16	static
main.c:452:13:MX_GPIO_Init	56	static
main.c:506:6:HAL_I2S_TxCpltCallback	16	static
main.c:523:5:ReadDIRWavFiles	384	static
main.c:604:6:HAL_GPIO_EXTI_Callback	16	static
main.c:662:6:StartRunningWavFile	24	static
main.c:705:6:HAL_TIM_PeriodElapsedCallback	16	static
main.c:722:6:Error_Handler	4	static,ignoring_inline_asm
